Component: ARM Compiler 5.06 update 5 (build 528) Tool: armlink [4d35e2]

==============================================================================

Section Cross References

    startup_stm32f051.o(RESET) refers to startup_stm32f051.o(STACK) for __initial_sp
    startup_stm32f051.o(RESET) refers to startup_stm32f051.o(.text) for Reset_Handler
    startup_stm32f051.o(RESET) refers to stm32f0xx_it.o(i.NMI_Handler) for NMI_Handler
    startup_stm32f051.o(RESET) refers to stm32f0xx_it.o(i.HardFault_Handler) for HardFault_Handler
    startup_stm32f051.o(RESET) refers to stm32f0xx_it.o(i.SVC_Handler) for SVC_Handler
    startup_stm32f051.o(RESET) refers to stm32f0xx_it.o(i.PendSV_Handler) for PendSV_Handler
    startup_stm32f051.o(RESET) refers to stm32f0xx_it.o(i.SysTick_Handler) for SysTick_Handler
    startup_stm32f051.o(RESET) refers to stm32f0xx_it.o(i.EXTI4_15_IRQHandler) for EXTI4_15_IRQHandler
    startup_stm32f051.o(RESET) refers to stm32f0xx_it.o(i.TIM3_IRQHandler) for TIM3_IRQHandler
    startup_stm32f051.o(RESET) refers to stm32f0xx_it.o(i.USART1_IRQHandler) for USART1_IRQHandler
    startup_stm32f051.o(RESET) refers to stm32f0xx_it.o(i.USART2_IRQHandler) for USART2_IRQHandler
    startup_stm32f051.o(.text) refers to startup_stm32f051.o(STACK) for __initial_sp
    startup_stm32f051.o(.text) refers to system_stm32f0xx.o(i.SystemInit) for SystemInit
    startup_stm32f051.o(.text) refers to entry.o(.ARM.Collect$$$$00000000) for __main
    system_stm32f0xx.o(i.SystemCoreClockUpdate) refers to uidiv.o(.text) for __aeabi_uidivmod
    system_stm32f0xx.o(i.SystemCoreClockUpdate) refers to system_stm32f0xx.o(.data) for .data
    main.o(i.RTC_Config) refers to stm32f0xx_rtc.o(i.RTC_ReadBackupRegister) for RTC_ReadBackupRegister
    main.o(i.RTC_Config) refers to stm32f0xx_rcc.o(i.RCC_APB1PeriphClockCmd) for RCC_APB1PeriphClockCmd
    main.o(i.RTC_Config) refers to stm32f0xx_pwr.o(i.PWR_BackupAccessCmd) for PWR_BackupAccessCmd
    main.o(i.RTC_Config) refers to stm32f0xx_rcc.o(i.RCC_LSEConfig) for RCC_LSEConfig
    main.o(i.RTC_Config) refers to stm32f0xx_rcc.o(i.RCC_GetFlagStatus) for RCC_GetFlagStatus
    main.o(i.RTC_Config) refers to stm32f0xx_rcc.o(i.RCC_RTCCLKConfig) for RCC_RTCCLKConfig
    main.o(i.RTC_Config) refers to stm32f0xx_rcc.o(i.RCC_RTCCLKCmd) for RCC_RTCCLKCmd
    main.o(i.RTC_Config) refers to stm32f0xx_rtc.o(i.RTC_WaitForSynchro) for RTC_WaitForSynchro
    main.o(i.RTC_Config) refers to stm32f0xx_rtc.o(i.RTC_Init) for RTC_Init
    main.o(i.RTC_Config) refers to stm32f0xx_rtc.o(i.RTC_ClearFlag) for RTC_ClearFlag
    main.o(i.RTC_Config) refers to stm32f0xx_exti.o(i.EXTI_ClearITPendingBit) for EXTI_ClearITPendingBit
    main.o(i.RTC_Config) refers to main.o(.data) for .data
    main.o(i.SysOP) refers to main.o(i.__ARM_common_switch8) for __ARM_common_switch8
    main.o(i.SysOP) refers to stm32f0xx_gpio.o(i.GPIO_SetBits) for GPIO_SetBits
    main.o(i.SysOP) refers to main.o(i.startWindow) for startWindow
    main.o(i.SysOP) refers to lcddriver.o(i.LcdConfig) for LcdConfig
    main.o(i.SysOP) refers to lcddriver.o(i.WriteLCDStringTimed) for WriteLCDStringTimed
    main.o(i.SysOP) refers to stm32f0xx_gpio.o(i.GPIO_ResetBits) for GPIO_ResetBits
    main.o(i.SysOP) refers to main.o(i.show_clock) for show_clock
    main.o(i.SysOP) refers to lcddriver.o(i.ClearLCD) for ClearLCD
    main.o(i.SysOP) refers to lcddriver.o(i.WriteLCDString) for WriteLCDString
    main.o(i.SysOP) refers to lcddriver.o(i.WriteLCDString2) for WriteLCDString2
    main.o(i.SysOP) refers to stm32f0xx_rtc.o(i.RTC_GetTime) for RTC_GetTime
    main.o(i.SysOP) refers to stm32f0xx_rtc.o(i.RTC_SetTime) for RTC_SetTime
    main.o(i.SysOP) refers to main.o(.data) for .data
    main.o(i.SysOP) refers to main.o(.bss) for .bss
    main.o(i.SysOP) refers to stm32f0xx_rtc.o(i.RTC_GetDate) for RTC_GetDate
    main.o(i.SysOP) refers to stm32f0xx_rtc.o(i.RTC_SetDate) for RTC_SetDate
    main.o(i.interruptsConfig) refers to stm32f0xx_misc.o(i.NVIC_Init) for NVIC_Init
    main.o(i.interruptsConfig) refers to stm32f0xx_syscfg.o(i.SYSCFG_EXTILineConfig) for SYSCFG_EXTILineConfig
    main.o(i.interruptsConfig) refers to main.o(.data) for .data
    main.o(i.keyboardCheck) refers to stm32f0xx_gpio.o(i.GPIO_ReadInputDataBit) for GPIO_ReadInputDataBit
    main.o(i.keyboardCheck) refers to main.o(i.startWindow) for startWindow
    main.o(i.keyboardCheck) refers to stm32f0xx_gpio.o(i.GPIO_SetBits) for GPIO_SetBits
    main.o(i.keyboardCheck) refers to stm32f0xx_gpio.o(i.GPIO_ResetBits) for GPIO_ResetBits
    main.o(i.keyboardCheck) refers to main.o(.data) for .data
    main.o(i.keyboardCheck) refers to main.o(.bss) for .bss
    main.o(i.main) refers to stm32f0xx_rcc.o(i.RCC_AHBPeriphClockCmd) for RCC_AHBPeriphClockCmd
    main.o(i.main) refers to stm32f0xx_rcc.o(i.RCC_APB1PeriphClockCmd) for RCC_APB1PeriphClockCmd
    main.o(i.main) refers to stm32f0xx_rcc.o(i.RCC_APB2PeriphClockCmd) for RCC_APB2PeriphClockCmd
[...]
    Removing stm32f0xx_crc.o(i.CRC_DeInit), (32 bytes).
    Removing stm32f0xx_crc.o(i.CRC_GetCRC), (12 bytes).
    Removing stm32f0xx_crc.o(i.CRC_GetIDRegister), (12 bytes).
    Removing stm32f0xx_crc.o(i.CRC_PolynomialSizeSelect), (20 bytes).
    Removing stm32f0xx_crc.o(i.CRC_ResetDR), (16 bytes).
    Removing stm32f0xx_crc.o(i.CRC_ReverseInputDataSelect), (20 bytes).
    Removing stm32f0xx_crc.o(i.CRC_ReverseOutputDataCmd), (24 bytes).
    Removing stm32f0xx_crc.o(i.CRC_SetIDRegister), (12 bytes).
    Removing stm32f0xx_crc.o(i.CRC_SetInitRegister), (12 bytes).
    Removing stm32f0xx_crc.o(i.CRC_SetPolynomial), (12 bytes).
    Removing stm32f0xx_crs.o(.rev16_text), (4 bytes).
    Removing stm32f0xx_crs.o(.revsh_text), (4 bytes).
    Removing stm32f0xx_crs.o(i.CRS_AdjustHSI48CalibrationValue), (28 bytes).
    Removing stm32f0xx_crs.o(i.CRS_AutomaticCalibrationCmd), (24 bytes).
    Removing stm32f0xx_crs.o(i.CRS_ClearFlag), (32 bytes).
    Removing stm32f0xx_crs.o(i.CRS_ClearITPendingBit), (32 bytes).
    Removing stm32f0xx_crs.o(i.CRS_DeInit), (22 bytes).
    Removing stm32f0xx_crs.o(i.CRS_FrequencyErrorCounterCmd), (24 bytes).
    Removing stm32f0xx_crs.o(i.CRS_FrequencyErrorCounterReload), (24 bytes).
    Removing stm32f0xx_crs.o(i.CRS_FrequencyErrorLimitConfig), (24 bytes).
    Removing stm32f0xx_crs.o(i.CRS_GetFlagStatus), (16 bytes).
    Removing stm32f0xx_crs.o(i.CRS_GetFrequencyErrorDirection), (16 bytes).
    Removing stm32f0xx_crs.o(i.CRS_GetFrequencyErrorValue), (16 bytes).
    Removing stm32f0xx_crs.o(i.CRS_GetHSI48CalibrationValue), (16 bytes).
    Removing stm32f0xx_crs.o(i.CRS_GetITStatus), (16 bytes).
    Removing stm32f0xx_crs.o(i.CRS_GetReloadValue), (12 bytes).
    Removing stm32f0xx_crs.o(i.CRS_ITConfig), (24 bytes).
    Removing stm32f0xx_crs.o(i.CRS_SoftwareSynchronizationGenerate), (16 bytes).
    Removing stm32f0xx_crs.o(i.CRS_SynchronizationPolarityConfig), (24 bytes).
    Removing stm32f0xx_crs.o(i.CRS_SynchronizationPrescalerConfig), (24 bytes).
    Removing stm32f0xx_crs.o(i.CRS_SynchronizationSourceConfig), (24 bytes).
    Removing stm32f0xx_dac.o(.rev16_text), (4 bytes).
    Removing stm32f0xx_dac.o(.revsh_text), (4 bytes).
    Removing stm32f0xx_dac.o(i.DAC_ClearFlag), (12 bytes).
    Removing stm32f0xx_dac.o(i.DAC_ClearITPendingBit), (12 bytes).
    Removing stm32f0xx_dac.o(i.DAC_Cmd), (28 bytes).
    Removing stm32f0xx_dac.o(i.DAC_DMACmd), (28 bytes).
    Removing stm32f0xx_dac.o(i.DAC_DeInit), (22 bytes).
    Removing stm32f0xx_dac.o(i.DAC_DualSoftwareTriggerCmd), (28 bytes).
    Removing stm32f0xx_dac.o(i.DAC_GetDataOutputValue), (24 bytes).
    Removing stm32f0xx_dac.o(i.DAC_GetFlagStatus), (24 bytes).
    Removing stm32f0xx_dac.o(i.DAC_GetITStatus), (32 bytes).
    Removing stm32f0xx_dac.o(i.DAC_ITConfig), (24 bytes).
    Removing stm32f0xx_dac.o(i.DAC_Init), (40 bytes).
    Removing stm32f0xx_dac.o(i.DAC_SetChannel1Data), (20 bytes).
    Removing stm32f0xx_dac.o(i.DAC_SetChannel2Data), (20 bytes).
    Removing stm32f0xx_dac.o(i.DAC_SetDualChannelData), (24 bytes).
    Removing stm32f0xx_dac.o(i.DAC_SoftwareTriggerCmd), (28 bytes).
    Removing stm32f0xx_dac.o(i.DAC_StructInit), (12 bytes).
    Removing stm32f0xx_dac.o(i.DAC_WaveGenerationCmd), (24 bytes).
    Removing stm32f0xx_dbgmcu.o(.rev16_text), (4 bytes).
    Removing stm32f0xx_dbgmcu.o(.revsh_text), (4 bytes).
    Removing stm32f0xx_dbgmcu.o(i.DBGMCU_APB1PeriphConfig), (24 bytes).
    Removing stm32f0xx_dbgmcu.o(i.DBGMCU_APB2PeriphConfig), (24 bytes).
    Removing stm32f0xx_dbgmcu.o(i.DBGMCU_Config), (24 bytes).
    Removing stm32f0xx_dbgmcu.o(i.DBGMCU_GetDEVID), (16 bytes).
    Removing stm32f0xx_dbgmcu.o(i.DBGMCU_GetREVID), (12 bytes).
    Removing stm32f0xx_dma.o(.rev16_text), (4 bytes).
    Removing stm32f0xx_dma.o(.revsh_text), (4 bytes).
    Removing stm32f0xx_dma.o(i.DMA_ClearFlag), (24 bytes).
    Removing stm32f0xx_dma.o(i.DMA_ClearITPendingBit), (24 bytes).
    Removing stm32f0xx_dma.o(i.DMA_Cmd), (24 bytes).
    Removing stm32f0xx_dma.o(i.DMA_DeInit), (192 bytes).
    Removing stm32f0xx_dma.o(i.DMA_GetCurrDataCounter), (6 bytes).
    Removing stm32f0xx_dma.o(i.DMA_GetFlagStatus), (32 bytes).
    Removing stm32f0xx_dma.o(i.DMA_GetITStatus), (32 bytes).
    Removing stm32f0xx_dma.o(i.DMA_ITConfig), (16 bytes).
    Removing stm32f0xx_dma.o(i.DMA_Init), (60 bytes).
    Removing stm32f0xx_dma.o(i.DMA_RemapConfig), (30 bytes).
    Removing stm32f0xx_dma.o(i.DMA_SetCurrDataCounter), (4 bytes).
    Removing stm32f0xx_dma.o(i.DMA_StructInit), (26 bytes).
    Removing stm32f0xx_exti.o(.rev16_text), (4 bytes).
    Removing stm32f0xx_exti.o(.revsh_text), (4 bytes).
    Removing stm32f0xx_exti.o(i.EXTI_ClearFlag), (12 bytes).
    Removing stm32f0xx_exti.o(i.EXTI_DeInit), (32 bytes).
    Removing stm32f0xx_exti.o(i.EXTI_GenerateSWInterrupt), (16 bytes).
    Removing stm32f0xx_exti.o(i.EXTI_GetFlagStatus), (20 bytes).
    Removing stm32f0xx_exti.o(i.EXTI_Init), (108 bytes).
    Removing stm32f0xx_exti.o(i.EXTI_StructInit), (14 bytes).
    Removing stm32f0xx_flash.o(.rev16_text), (4 bytes).
    Removing stm32f0xx_flash.o(.revsh_text), (4 bytes).
    Removing stm32f0xx_flash.o(i.FLASH_ClearFlag), (12 bytes).
    Removing stm32f0xx_flash.o(i.FLASH_EraseAllPages), (52 bytes).
    Removing stm32f0xx_flash.o(i.FLASH_ErasePage), (56 bytes).
    Removing stm32f0xx_flash.o(i.FLASH_GetFlagStatus), (20 bytes).
    Removing stm32f0xx_flash.o(i.FLASH_GetPrefetchBufferStatus), (20 bytes).
    Removing stm32f0xx_flash.o(i.FLASH_GetStatus), (40 bytes).
    Removing stm32f0xx_flash.o(i.FLASH_ITConfig), (24 bytes).
    Removing stm32f0xx_flash.o(i.FLASH_Lock), (16 bytes).
    Removing stm32f0xx_flash.o(i.FLASH_OB_BOOT0Config), (64 bytes).
    Removing stm32f0xx_flash.o(i.FLASH_OB_BOOT0SWConfig), (64 bytes).
    Removing stm32f0xx_flash.o(i.FLASH_OB_BOOTConfig), (64 bytes).
    Removing stm32f0xx_flash.o(i.FLASH_OB_EnableWRP), (140 bytes).
    Removing stm32f0xx_flash.o(i.FLASH_OB_Erase), (116 bytes).
    Removing stm32f0xx_flash.o(i.FLASH_OB_GetRDP), (20 bytes).
    Removing stm32f0xx_flash.o(i.FLASH_OB_GetUser), (16 bytes).
    Removing stm32f0xx_flash.o(i.FLASH_OB_GetWRP), (12 bytes).
    Removing stm32f0xx_flash.o(i.FLASH_OB_Launch), (20 bytes).
    Removing stm32f0xx_flash.o(i.FLASH_OB_Lock), (16 bytes).
    Removing stm32f0xx_flash.o(i.FLASH_OB_ProgramData), (56 bytes).
    Removing stm32f0xx_flash.o(i.FLASH_OB_RDPConfig), (92 bytes).
    Removing stm32f0xx_flash.o(i.FLASH_OB_SRAMParityConfig), (64 bytes).
    Removing stm32f0xx_flash.o(i.FLASH_OB_Unlock), (32 bytes).
    Removing stm32f0xx_flash.o(i.FLASH_OB_UserConfig), (72 bytes).
    Removing stm32f0xx_flash.o(i.FLASH_OB_VDDAConfig), (64 bytes).
    Removing stm32f0xx_flash.o(i.FLASH_OB_WriteUser), (60 bytes).
    Removing stm32f0xx_flash.o(i.FLASH_PrefetchBufferCmd), (24 bytes).
    Removing stm32f0xx_flash.o(i.FLASH_ProgramHalfWord), (52 bytes).
    Removing stm32f0xx_flash.o(i.FLASH_ProgramWord), (76 bytes).
    Removing stm32f0xx_flash.o(i.FLASH_SetLatency), (20 bytes).
    Removing stm32f0xx_flash.o(i.FLASH_Unlock), (32 bytes).
    Removing stm32f0xx_flash.o(i.FLASH_WaitForLastOperation), (34 bytes).
    Removing stm32f0xx_gpio.o(.rev16_text), (4 bytes).
    Removing stm32f0xx_gpio.o(.revsh_text), (4 bytes).
    Removing stm32f0xx_gpio.o(i.GPIO_DeInit), (112 bytes).
    Removing stm32f0xx_gpio.o(i.GPIO_PinLockConfig), (26 bytes).
    Removing stm32f0xx_gpio.o(i.GPIO_ReadInputData), (4 bytes).
    Removing stm32f0xx_gpio.o(i.GPIO_ReadOutputData), (4 bytes).
    Removing stm32f0xx_gpio.o(i.GPIO_ReadOutputDataBit), (14 bytes).
    Removing stm32f0xx_gpio.o(i.GPIO_StructInit), (24 bytes).
    Removing stm32f0xx_gpio.o(i.GPIO_Write), (4 bytes).
    Removing stm32f0xx_gpio.o(i.GPIO_WriteBit), (12 bytes).
    Removing stm32f0xx_i2c.o(.rev16_text), (4 bytes).
    Removing stm32f0xx_i2c.o(.revsh_text), (4 bytes).
    Removing stm32f0xx_i2c.o(i.I2C_10BitAddressHeaderCmd), (20 bytes).
    Removing stm32f0xx_i2c.o(i.I2C_10BitAddressingModeCmd), (20 bytes).
    Removing stm32f0xx_i2c.o(i.I2C_AcknowledgeConfig), (20 bytes).
    Removing stm32f0xx_i2c.o(i.I2C_AutoEndCmd), (20 bytes).
    Removing stm32f0xx_i2c.o(i.I2C_CalculatePEC), (20 bytes).
    Removing stm32f0xx_i2c.o(i.I2C_ClearFlag), (4 bytes).
    Removing stm32f0xx_i2c.o(i.I2C_ClearITPendingBit), (4 bytes).
    Removing stm32f0xx_i2c.o(i.I2C_ClockTimeoutCmd), (20 bytes).
    Removing stm32f0xx_i2c.o(i.I2C_Cmd), (20 bytes).
    Removing stm32f0xx_i2c.o(i.I2C_DMACmd), (16 bytes).
    Removing stm32f0xx_i2c.o(i.I2C_DeInit), (40 bytes).
    Removing stm32f0xx_i2c.o(i.I2C_DualAddressCmd), (20 bytes).
    Removing stm32f0xx_i2c.o(i.I2C_ExtendedClockTimeoutCmd), (22 bytes).
    Removing stm32f0xx_i2c.o(i.I2C_GeneralCallCmd), (20 bytes).
    Removing stm32f0xx_i2c.o(i.I2C_GenerateSTART), (20 bytes).
    Removing stm32f0xx_i2c.o(i.I2C_GenerateSTOP), (20 bytes).
    Removing stm32f0xx_i2c.o(i.I2C_GetAddressMatched), (10 bytes).
    Removing stm32f0xx_i2c.o(i.I2C_GetFlagStatus), (14 bytes).
    Removing stm32f0xx_i2c.o(i.I2C_GetITStatus), (48 bytes).
    Removing stm32f0xx_i2c.o(i.I2C_GetPEC), (6 bytes).
    Removing stm32f0xx_i2c.o(i.I2C_GetTransferDirection), (18 bytes).
    Removing stm32f0xx_i2c.o(i.I2C_ITConfig), (16 bytes).
    Removing stm32f0xx_i2c.o(i.I2C_IdleClockTimeoutCmd), (20 bytes).
    Removing stm32f0xx_i2c.o(i.I2C_Init), (100 bytes).
    Removing stm32f0xx_i2c.o(i.I2C_MasterRequestConfig), (20 bytes).
    Removing stm32f0xx_i2c.o(i.I2C_NumberOfBytesConfig), (16 bytes).
    Removing stm32f0xx_i2c.o(i.I2C_OwnAddress2Config), (28 bytes).
    Removing stm32f0xx_i2c.o(i.I2C_PECRequestCmd), (20 bytes).
    Removing stm32f0xx_i2c.o(i.I2C_ReadRegister), (10 bytes).
    Removing stm32f0xx_i2c.o(i.I2C_ReceiveData), (6 bytes).
    Removing stm32f0xx_i2c.o(i.I2C_ReloadCmd), (20 bytes).
    Removing stm32f0xx_i2c.o(i.I2C_SMBusAlertCmd), (20 bytes).
    Removing stm32f0xx_i2c.o(i.I2C_SendData), (4 bytes).
    Removing stm32f0xx_i2c.o(i.I2C_SlaveAddressConfig), (16 bytes).
    Removing stm32f0xx_i2c.o(i.I2C_SlaveByteControlCmd), (20 bytes).
    Removing stm32f0xx_i2c.o(i.I2C_SoftwareResetCmd), (20 bytes).
    Removing stm32f0xx_i2c.o(i.I2C_StopModeCmd), (20 bytes).
    Removing stm32f0xx_i2c.o(i.I2C_StretchClockCmd), (20 bytes).
    Removing stm32f0xx_i2c.o(i.I2C_StructInit), (22 bytes).
    Removing stm32f0xx_i2c.o(i.I2C_TimeoutAConfig), (16 bytes).
    Removing stm32f0xx_i2c.o(i.I2C_TimeoutBConfig), (20 bytes).
    Removing stm32f0xx_i2c.o(i.I2C_TransferHandling), (32 bytes).
    Removing stm32f0xx_iwdg.o(.rev16_text), (4 bytes).
    Removing stm32f0xx_iwdg.o(.revsh_text), (4 bytes).
    Removing stm32f0xx_iwdg.o(i.IWDG_Enable), (16 bytes).
    Removing stm32f0xx_iwdg.o(i.IWDG_GetFlagStatus), (20 bytes).
    Removing stm32f0xx_iwdg.o(i.IWDG_ReloadCounter), (16 bytes).
    Removing stm32f0xx_iwdg.o(i.IWDG_SetPrescaler), (12 bytes).
    Removing stm32f0xx_iwdg.o(i.IWDG_SetReload), (12 bytes).
    Removing stm32f0xx_iwdg.o(i.IWDG_SetWindowValue), (12 bytes).
    Removing stm32f0xx_iwdg.o(i.IWDG_WriteAccessCmd), (12 bytes).
    Removing stm32f0xx_misc.o(.rev16_text), (4 bytes).
    Removing stm32f0xx_misc.o(.revsh_text), (4 bytes).
    Removing stm32f0xx_misc.o(i.NVIC_SystemLPConfig), (24 bytes).
    Removing stm32f0xx_misc.o(i.SysTick_CLKSourceConfig), (24 bytes).
    Removing stm32f0xx_pwr.o(.rev16_text), (4 bytes).
    Removing stm32f0xx_pwr.o(.revsh_text), (4 bytes).
    Removing stm32f0xx_pwr.o(i.PWR_ClearFlag), (16 bytes).
    Removing stm32f0xx_pwr.o(i.PWR_DeInit), (22 bytes).
    Removing stm32f0xx_pwr.o(i.PWR_EnterSTANDBYMode), (32 bytes).
    Removing stm32f0xx_pwr.o(i.PWR_EnterSTOPMode), (60 bytes).
    Removing stm32f0xx_pwr.o(i.PWR_EnterSleepMode), (32 bytes).
    Removing stm32f0xx_pwr.o(i.PWR_GetFlagStatus), (20 bytes).
    Removing stm32f0xx_pwr.o(i.PWR_PVDCmd), (24 bytes).
    Removing stm32f0xx_pwr.o(i.PWR_PVDLevelConfig), (20 bytes).
    Removing stm32f0xx_pwr.o(i.PWR_WakeUpPinCmd), (24 bytes).
    Removing stm32f0xx_rcc.o(.rev16_text), (4 bytes).
    Removing stm32f0xx_rcc.o(.revsh_text), (4 bytes).
    Removing stm32f0xx_rcc.o(i.RCC_ADCCLKConfig), (44 bytes).
    Removing stm32f0xx_rcc.o(i.RCC_AHBPeriphResetCmd), (24 bytes).
    Removing stm32f0xx_rcc.o(i.RCC_APB1PeriphResetCmd), (24 bytes).
    Removing stm32f0xx_rcc.o(i.RCC_APB2PeriphResetCmd), (24 bytes).
    Removing stm32f0xx_rcc.o(i.RCC_AdjustHSI14CalibrationValue), (20 bytes).
    Removing stm32f0xx_rcc.o(i.RCC_AdjustHSICalibrationValue), (20 bytes).
    Removing stm32f0xx_rcc.o(i.RCC_BackupResetCmd), (28 bytes).
    Removing stm32f0xx_rcc.o(i.RCC_CECCLKConfig), (24 bytes).
    Removing stm32f0xx_rcc.o(i.RCC_ClearFlag), (20 bytes).
    Removing stm32f0xx_rcc.o(i.RCC_ClearITPendingBit), (12 bytes).
    Removing stm32f0xx_rcc.o(i.RCC_ClockSecuritySystemCmd), (28 bytes).
    Removing stm32f0xx_rcc.o(i.RCC_DeInit), (92 bytes).
    Removing stm32f0xx_rcc.o(i.RCC_GetITStatus), (20 bytes).
    Removing stm32f0xx_rcc.o(i.RCC_GetSYSCLKSource), (16 bytes).
    Removing stm32f0xx_rcc.o(i.RCC_HCLKConfig), (20 bytes).
    Removing stm32f0xx_rcc.o(i.RCC_HSEConfig), (16 bytes).
    Removing stm32f0xx_rcc.o(i.RCC_HSI14ADCRequestCmd), (24 bytes).
    Removing stm32f0xx_rcc.o(i.RCC_HSI14Cmd), (28 bytes).
    Removing stm32f0xx_rcc.o(i.RCC_HSI48Cmd), (28 bytes).
    Removing stm32f0xx_rcc.o(i.RCC_HSICmd), (28 bytes).
    Removing stm32f0xx_rcc.o(i.RCC_I2CCLKConfig), (24 bytes).
    Removing stm32f0xx_rcc.o(i.RCC_ITConfig), (24 bytes).
    Removing stm32f0xx_rcc.o(i.RCC_LSEDriveConfig), (24 bytes).
    Removing stm32f0xx_rcc.o(i.RCC_LSICmd), (28 bytes).
    Removing stm32f0xx_rcc.o(i.RCC_MCOConfig), (12 bytes).
    Removing stm32f0xx_rcc.o(i.RCC_PCLKConfig), (20 bytes).
    Removing stm32f0xx_rcc.o(i.RCC_PLLCmd), (28 bytes).
    Removing stm32f0xx_rcc.o(i.RCC_PLLConfig), (28 bytes).
    Removing stm32f0xx_rcc.o(i.RCC_PREDIV1Config), (20 bytes).
    Removing stm32f0xx_rcc.o(i.RCC_SYSCLKConfig), (20 bytes).
    Removing stm32f0xx_rcc.o(i.RCC_USARTCLKConfig), (48 bytes).
    Removing stm32f0xx_rcc.o(i.RCC_USBCLKConfig), (24 bytes).
    Removing stm32f0xx_rcc.o(i.RCC_WaitForHSEStartUp), (44 bytes).
    Removing stm32f0xx_rtc.o(.rev16_text), (4 bytes).
    Removing stm32f0xx_rtc.o(.revsh_text), (4 bytes).
    Removing stm32f0xx_rtc.o(i.RTC_AlarmCmd), (80 bytes).
    Removing stm32f0xx_rtc.o(i.RTC_AlarmStructInit), (20 bytes).
    Removing stm32f0xx_rtc.o(i.RTC_AlarmSubSecondConfig), (32 bytes).
    Removing stm32f0xx_rtc.o(i.RTC_BypassShadowCmd), (40 bytes).
    Removing stm32f0xx_rtc.o(i.RTC_CalibOutputCmd), (40 bytes).
    Removing stm32f0xx_rtc.o(i.RTC_CalibOutputConfig), (36 bytes).
    Removing stm32f0xx_rtc.o(i.RTC_ClearITPendingBit), (28 bytes).
    Removing stm32f0xx_rtc.o(i.RTC_DateStructInit), (14 bytes).
    Removing stm32f0xx_rtc.o(i.RTC_DayLightSavingConfig), (40 bytes).
    Removing stm32f0xx_rtc.o(i.RTC_DeInit), (92 bytes).
    Removing stm32f0xx_rtc.o(i.RTC_GetAlarm), (100 bytes).
    Removing stm32f0xx_rtc.o(i.RTC_GetAlarmSubSecond), (16 bytes).
    Removing stm32f0xx_rtc.o(i.RTC_GetFlagStatus), (28 bytes).
    Removing stm32f0xx_rtc.o(i.RTC_GetITStatus), (60 bytes).
    Removing stm32f0xx_rtc.o(i.RTC_GetStoreOperation), (16 bytes).
    Removing stm32f0xx_rtc.o(i.RTC_GetSubSecond), (12 bytes).
    Removing stm32f0xx_rtc.o(i.RTC_GetTimeStamp), (136 bytes).
    Removing stm32f0xx_rtc.o(i.RTC_GetTimeStampSubSecond), (12 bytes).
    Removing stm32f0xx_rtc.o(i.RTC_GetWakeUpCounter), (12 bytes).
    Removing stm32f0xx_rtc.o(i.RTC_ITConfig), (60 bytes).
    Removing stm32f0xx_rtc.o(i.RTC_OutputConfig), (40 bytes).
    Removing stm32f0xx_rtc.o(i.RTC_OutputTypeConfig), (24 bytes).
    Removing stm32f0xx_rtc.o(i.RTC_RefClockCmd), (60 bytes).
    Removing stm32f0xx_rtc.o(i.RTC_SetAlarm), (136 bytes).
    Removing stm32f0xx_rtc.o(i.RTC_SetWakeUpCounter), (24 bytes).
    Removing stm32f0xx_rtc.o(i.RTC_SmoothCalibConfig), (64 bytes).
    Removing stm32f0xx_rtc.o(i.RTC_StructInit), (14 bytes).
    Removing stm32f0xx_rtc.o(i.RTC_SynchroShiftConfig), (76 bytes).
    Removing stm32f0xx_rtc.o(i.RTC_TamperCmd), (24 bytes).
    Removing stm32f0xx_rtc.o(i.RTC_TamperFilterConfig), (24 bytes).
    Removing stm32f0xx_rtc.o(i.RTC_TamperPinsPrechargeDuration), (24 bytes).
    Removing stm32f0xx_rtc.o(i.RTC_TamperPullUpCmd), (24 bytes).
    Removing stm32f0xx_rtc.o(i.RTC_TamperSamplingFreqConfig), (24 bytes).
    Removing stm32f0xx_rtc.o(i.RTC_TamperTriggerConfig), (24 bytes).
    Removing stm32f0xx_rtc.o(i.RTC_TimeStampCmd), (44 bytes).
    Removing stm32f0xx_rtc.o(i.RTC_TimeStampOnTamperDetectionCmd), (24 bytes).
    Removing stm32f0xx_rtc.o(i.RTC_TimeStructInit), (12 bytes).
    Removing stm32f0xx_rtc.o(i.RTC_WakeUpClockConfig), (36 bytes).
    Removing stm32f0xx_rtc.o(i.RTC_WakeUpCmd), (80 bytes).
    Removing stm32f0xx_rtc.o(i.RTC_WriteBackupRegister), (20 bytes).
    Removing stm32f0xx_rtc.o(i.RTC_WriteProtectionCmd), (24 bytes).
    Removing stm32f0xx_spi.o(.rev16_text), (4 bytes).
    Removing stm32f0xx_spi.o(.revsh_text), (4 bytes).
    Removing stm32f0xx_spi.o(i.I2S_Cmd), (28 bytes).
    Removing stm32f0xx_spi.o(i.I2S_Init), (156 bytes).
    Removing stm32f0xx_spi.o(i.I2S_StructInit), (18 bytes).
    Removing stm32f0xx_spi.o(i.SPI_BiDirectionalLineConfig), (28 bytes).
    Removing stm32f0xx_spi.o(i.SPI_CRCLengthConfig), (20 bytes).
    Removing stm32f0xx_spi.o(i.SPI_CalculateCRC), (28 bytes).
    Removing stm32f0xx_spi.o(i.SPI_Cmd), (18 bytes).
    Removing stm32f0xx_spi.o(i.SPI_DataSizeConfig), (16 bytes).
    Removing stm32f0xx_spi.o(i.SPI_GetCRC), (12 bytes).
    Removing stm32f0xx_spi.o(i.SPI_GetCRCPolynomial), (4 bytes).
    Removing stm32f0xx_spi.o(i.SPI_GetReceptionFIFOStatus), (10 bytes).
    Removing stm32f0xx_spi.o(i.SPI_GetTransmissionFIFOStatus), (10 bytes).
    Removing stm32f0xx_spi.o(i.SPI_I2S_ClearFlag), (6 bytes).
    Removing stm32f0xx_spi.o(i.SPI_I2S_DMACmd), (16 bytes).
    Removing stm32f0xx_spi.o(i.SPI_I2S_DeInit), (64 bytes).
    Removing stm32f0xx_spi.o(i.SPI_I2S_GetFlagStatus), (14 bytes).
    Removing stm32f0xx_spi.o(i.SPI_I2S_GetITStatus), (42 bytes).
    Removing stm32f0xx_spi.o(i.SPI_I2S_ITConfig), (24 bytes).
    Removing stm32f0xx_spi.o(i.SPI_I2S_ReceiveData16), (4 bytes).
    Removing stm32f0xx_spi.o(i.SPI_I2S_SendData16), (4 bytes).
    Removing stm32f0xx_spi.o(i.SPI_Init), (84 bytes).
    Removing stm32f0xx_spi.o(i.SPI_LastDMATransferCmd), (20 bytes).
    Removing stm32f0xx_spi.o(i.SPI_NSSInternalSoftwareConfig), (28 bytes).
    Removing stm32f0xx_spi.o(i.SPI_NSSPulseModeCmd), (18 bytes).
    Removing stm32f0xx_spi.o(i.SPI_ReceiveData8), (4 bytes).
    Removing stm32f0xx_spi.o(i.SPI_RxFIFOThresholdConfig), (20 bytes).
    Removing stm32f0xx_spi.o(i.SPI_SSOutputCmd), (18 bytes).
    Removing stm32f0xx_spi.o(i.SPI_SendData8), (4 bytes).
    Removing stm32f0xx_spi.o(i.SPI_StructInit), (28 bytes).
    Removing stm32f0xx_spi.o(i.SPI_TIModeCmd), (18 bytes).
    Removing stm32f0xx_spi.o(i.SPI_TransmitCRC), (12 bytes).
    Removing stm32f0xx_syscfg.o(.rev16_text), (4 bytes).
    Removing stm32f0xx_syscfg.o(.revsh_text), (4 bytes).
    Removing stm32f0xx_syscfg.o(i.SYSCFG_BreakConfig), (16 bytes).
    Removing stm32f0xx_syscfg.o(i.SYSCFG_ClearFlag), (16 bytes).
    Removing stm32f0xx_syscfg.o(i.SYSCFG_DMAChannelRemapConfig), (24 bytes).
    Removing stm32f0xx_syscfg.o(i.SYSCFG_DeInit), (36 bytes).
    Removing stm32f0xx_syscfg.o(i.SYSCFG_GetFlagStatus), (20 bytes).
    Removing stm32f0xx_syscfg.o(i.SYSCFG_GetPendingIT), (24 bytes).
    Removing stm32f0xx_syscfg.o(i.SYSCFG_I2CFastModePlusConfig), (24 bytes).
    Removing stm32f0xx_syscfg.o(i.SYSCFG_IRDAEnvSelection), (24 bytes).
    Removing stm32f0xx_syscfg.o(i.SYSCFG_MemoryRemapConfig), (20 bytes).
    Removing stm32f0xx_tim.o(.rev16_text), (4 bytes).
    Removing stm32f0xx_tim.o(.revsh_text), (4 bytes).
    Removing stm32f0xx_tim.o(i.TI1_Config), (40 bytes).
    Removing stm32f0xx_tim.o(i.TI2_Config), (48 bytes).
    Removing stm32f0xx_tim.o(i.TIM_ARRPreloadConfig), (18 bytes).
    Removing stm32f0xx_tim.o(i.TIM_BDTRConfig), (34 bytes).
    Removing stm32f0xx_tim.o(i.TIM_BDTRStructInit), (18 bytes).
    Removing stm32f0xx_tim.o(i.TIM_CCPreloadControl), (20 bytes).
    Removing stm32f0xx_tim.o(i.TIM_CCxCmd), (22 bytes).
    Removing stm32f0xx_tim.o(i.TIM_CCxNCmd), (22 bytes).
    Removing stm32f0xx_tim.o(i.TIM_ClearFlag), (6 bytes).
    Removing stm32f0xx_tim.o(i.TIM_ClearOC1Ref), (12 bytes).
    Removing stm32f0xx_tim.o(i.TIM_ClearOC2Ref), (14 bytes).
    Removing stm32f0xx_tim.o(i.TIM_ClearOC3Ref), (12 bytes).
    Removing stm32f0xx_tim.o(i.TIM_ClearOC4Ref), (14 bytes).
    Removing stm32f0xx_tim.o(i.TIM_CounterModeConfig), (12 bytes).
    Removing stm32f0xx_tim.o(i.TIM_CtrlPWMOutputs), (24 bytes).
    Removing stm32f0xx_tim.o(i.TIM_DMACmd), (16 bytes).
    Removing stm32f0xx_tim.o(i.TIM_DMAConfig), (8 bytes).
    Removing stm32f0xx_tim.o(i.TIM_DeInit), (204 bytes).
    Removing stm32f0xx_tim.o(i.TIM_ETRClockMode1Config), (28 bytes).
    Removing stm32f0xx_tim.o(i.TIM_ETRClockMode2Config), (20 bytes).
    Removing stm32f0xx_tim.o(i.TIM_ETRConfig), (18 bytes).
    Removing stm32f0xx_tim.o(i.TIM_EncoderInterfaceConfig), (48 bytes).
    Removing stm32f0xx_tim.o(i.TIM_ForcedOC1Config), (12 bytes).
    Removing stm32f0xx_tim.o(i.TIM_ForcedOC2Config), (20 bytes).
    Removing stm32f0xx_tim.o(i.TIM_ForcedOC3Config), (12 bytes).
    Removing stm32f0xx_tim.o(i.TIM_ForcedOC4Config), (20 bytes).
    Removing stm32f0xx_tim.o(i.TIM_GenerateEvent), (4 bytes).
    Removing stm32f0xx_tim.o(i.TIM_GetCounter), (4 bytes).
    Removing stm32f0xx_tim.o(i.TIM_GetFlagStatus), (14 bytes).
    Removing stm32f0xx_tim.o(i.TIM_GetPrescaler), (4 bytes).
    Removing stm32f0xx_tim.o(i.TIM_ICInit), (184 bytes).
    Removing stm32f0xx_tim.o(i.TIM_ICStructInit), (16 bytes).
    Removing stm32f0xx_tim.o(i.TIM_ITRxExternalClockConfig), (18 bytes).
    Removing stm32f0xx_tim.o(i.TIM_InternalClockConfig), (10 bytes).
    Removing stm32f0xx_tim.o(i.TIM_OC1FastConfig), (12 bytes).
    Removing stm32f0xx_tim.o(i.TIM_OC1NPolarityConfig), (12 bytes).
    Removing stm32f0xx_tim.o(i.TIM_OC1PolarityConfig), (12 bytes).
    Removing stm32f0xx_tim.o(i.TIM_OC2FastConfig), (20 bytes).
    Removing stm32f0xx_tim.o(i.TIM_OC2NPolarityConfig), (14 bytes).
    Removing stm32f0xx_tim.o(i.TIM_OC2PolarityConfig), (14 bytes).
    Removing stm32f0xx_tim.o(i.TIM_OC3FastConfig), (12 bytes).
    Removing stm32f0xx_tim.o(i.TIM_OC3NPolarityConfig), (20 bytes).
    Removing stm32f0xx_tim.o(i.TIM_OC3PolarityConfig), (20 bytes).
    Removing stm32f0xx_tim.o(i.TIM_OC4FastConfig), (20 bytes).
    Removing stm32f0xx_tim.o(i.TIM_OC4PolarityConfig), (20 bytes).
    Removing stm32f0xx_tim.o(i.TIM_OCStructInit), (20 bytes).
    Removing stm32f0xx_tim.o(i.TIM_PWMIConfig), (104 bytes).
    Removing stm32f0xx_tim.o(i.TIM_RemapConfig), (6 bytes).
    Removing stm32f0xx_tim.o(i.TIM_SelectCCDMA), (18 bytes).
    Removing stm32f0xx_tim.o(i.TIM_SelectCOM), (18 bytes).
    Removing stm32f0xx_tim.o(i.TIM_SelectHallSensor), (18 bytes).
    Removing stm32f0xx_tim.o(i.TIM_SelectInputTrigger), (12 bytes).
    Removing stm32f0xx_tim.o(i.TIM_SelectMasterSlaveMode), (16 bytes).
    Removing stm32f0xx_tim.o(i.TIM_SelectOCREFClear), (16 bytes).
    Removing stm32f0xx_tim.o(i.TIM_SelectOCxM), (70 bytes).
    Removing stm32f0xx_tim.o(i.TIM_SelectOnePulseMode), (16 bytes).
    Removing stm32f0xx_tim.o(i.TIM_SelectOutputTrigger), (16 bytes).
    Removing stm32f0xx_tim.o(i.TIM_SelectSlaveMode), (16 bytes).
    Removing stm32f0xx_tim.o(i.TIM_SetAutoreload), (4 bytes).
    Removing stm32f0xx_tim.o(i.TIM_SetClockDivision), (20 bytes).
    Removing stm32f0xx_tim.o(i.TIM_SetCounter), (4 bytes).
    Removing stm32f0xx_tim.o(i.TIM_SetIC1Prescaler), (16 bytes).
    Removing stm32f0xx_tim.o(i.TIM_SetIC2Prescaler), (24 bytes).
    Removing stm32f0xx_tim.o(i.TIM_SetIC3Prescaler), (16 bytes).
    Removing stm32f0xx_tim.o(i.TIM_SetIC4Prescaler), (24 bytes).
    Removing stm32f0xx_tim.o(i.TIM_TIxExternalClockConfig), (48 bytes).
    Removing stm32f0xx_tim.o(i.TIM_TimeBaseStructInit), (18 bytes).
    Removing stm32f0xx_tim.o(i.TIM_UpdateDisableConfig), (18 bytes).
    Removing stm32f0xx_tim.o(i.TIM_UpdateRequestConfig), (18 bytes).
    Removing stm32f0xx_usart.o(.rev16_text), (4 bytes).
    Removing stm32f0xx_usart.o(.revsh_text), (4 bytes).
    Removing stm32f0xx_usart.o(i.USART_AddressDetectionConfig), (16 bytes).
    Removing stm32f0xx_usart.o(i.USART_AutoBaudRateCmd), (20 bytes).
    Removing stm32f0xx_usart.o(i.USART_AutoBaudRateConfig), (18 bytes).
    Removing stm32f0xx_usart.o(i.USART_ClearFlag), (4 bytes).
    Removing stm32f0xx_usart.o(i.USART_ClearITPendingBit), (10 bytes).
    Removing stm32f0xx_usart.o(i.USART_ClockInit), (28 bytes).
    Removing stm32f0xx_usart.o(i.USART_ClockStructInit), (12 bytes).
    Removing stm32f0xx_usart.o(i.USART_DECmd), (20 bytes).
    Removing stm32f0xx_usart.o(i.USART_DEPolarityConfig), (18 bytes).
    Removing stm32f0xx_usart.o(i.USART_DMACmd), (16 bytes).
    Removing stm32f0xx_usart.o(i.USART_DMAReceptionErrorConfig), (18 bytes).
    Removing stm32f0xx_usart.o(i.USART_DataInvCmd), (20 bytes).
    Removing stm32f0xx_usart.o(i.USART_DeInit), (184 bytes).
    Removing stm32f0xx_usart.o(i.USART_DirectionModeCmd), (16 bytes).
    Removing stm32f0xx_usart.o(i.USART_HalfDuplexCmd), (18 bytes).
    Removing stm32f0xx_usart.o(i.USART_InvPinCmd), (16 bytes).
    Removing stm32f0xx_usart.o(i.USART_IrDACmd), (18 bytes).
    Removing stm32f0xx_usart.o(i.USART_IrDAConfig), (16 bytes).
    Removing stm32f0xx_usart.o(i.USART_LINBreakDetectLengthConfig), (16 bytes).
    Removing stm32f0xx_usart.o(i.USART_LINCmd), (20 bytes).
    Removing stm32f0xx_usart.o(i.USART_MSBFirstCmd), (20 bytes).
    Removing stm32f0xx_usart.o(i.USART_MuteModeCmd), (20 bytes).
    Removing stm32f0xx_usart.o(i.USART_MuteModeWakeUpConfig), (18 bytes).
    Removing stm32f0xx_usart.o(i.USART_OneBitMethodCmd), (20 bytes).
    Removing stm32f0xx_usart.o(i.USART_OverSampling8Cmd), (20 bytes).
    Removing stm32f0xx_usart.o(i.USART_OverrunDetectionConfig), (18 bytes).
    Removing stm32f0xx_usart.o(i.USART_ReceiverTimeOutCmd), (20 bytes).
    Removing stm32f0xx_usart.o(i.USART_RequestCmd), (16 bytes).
    Removing stm32f0xx_usart.o(i.USART_STOPModeCmd), (18 bytes).
    Removing stm32f0xx_usart.o(i.USART_SWAPPinCmd), (20 bytes).
    Removing stm32f0xx_usart.o(i.USART_SetAddress), (18 bytes).
    Removing stm32f0xx_usart.o(i.USART_SetAutoRetryCount), (20 bytes).
    Removing stm32f0xx_usart.o(i.USART_SetBlockLength), (18 bytes).
    Removing stm32f0xx_usart.o(i.USART_SetDEAssertionTime), (20 bytes).
    Removing stm32f0xx_usart.o(i.USART_SetDEDeassertionTime), (20 bytes).
    Removing stm32f0xx_usart.o(i.USART_SetGuardTime), (16 bytes).
    Removing stm32f0xx_usart.o(i.USART_SetPrescaler), (16 bytes).
    Removing stm32f0xx_usart.o(i.USART_SetReceiverTimeOut), (16 bytes).
    Removing stm32f0xx_usart.o(i.USART_SmartCardCmd), (18 bytes).
    Removing stm32f0xx_usart.o(i.USART_SmartCardNACKCmd), (18 bytes).
    Removing stm32f0xx_usart.o(i.USART_StopModeWakeUpSourceConfig), (18 bytes).
    Removing stm32f0xx_usart.o(i.USART_StructInit), (22 bytes).
    Removing stm32f0xx_wwdg.o(.rev16_text), (4 bytes).
    Removing stm32f0xx_wwdg.o(.revsh_text), (4 bytes).
    Removing stm32f0xx_wwdg.o(i.WWDG_ClearFlag), (12 bytes).
    Removing stm32f0xx_wwdg.o(i.WWDG_DeInit), (22 bytes).
    Removing stm32f0xx_wwdg.o(i.WWDG_Enable), (16 bytes).
    Removing stm32f0xx_wwdg.o(i.WWDG_EnableIT), (16 bytes).
    Removing stm32f0xx_wwdg.o(i.WWDG_GetFlagStatus), (20 bytes).
    Removing stm32f0xx_wwdg.o(i.WWDG_SetCounter), (16 bytes).
    Removing stm32f0xx_wwdg.o(i.WWDG_SetPrescaler), (20 bytes).
    Removing stm32f0xx_wwdg.o(i.WWDG_SetWindowValue), (28 bytes).

551 unused section(s) (total 14796 bytes) removed from the image.

==============================================================================

Image Symbol Table

    Local Symbols

    Symbol Name                              Value     Ov Type        Size  Object(Section)

    ../clib/../cmprslib/zerorunl2.c          0x00000000   Number         0  __dczerorl2.o ABSOLUTE
    ../clib/microlib/division.c              0x00000000   Number         0  uidiv.o ABSOLUTE
    ../clib/microlib/init/entry.s            0x00000000   Number         0  entry11b.o ABSOLUTE
    ../clib/microlib/init/entry.s            0x00000000   Number         0  entry10a.o ABSOLUTE
    ../clib/microlib/init/entry.s            0x00000000   Number         0  entry10b.o ABSOLUTE
    ../clib/microlib/init/entry.s            0x00000000   Number         0  entry11a.o ABSOLUTE
    ../clib/microlib/init/entry.s            0x00000000   Number         0  entry5.o ABSOLUTE
    ../clib/microlib/init/entry.s            0x00000000   Number         0  entry2.o ABSOLUTE
    ../clib/microlib/init/entry.s            0x00000000   Number         0  entry7a.o ABSOLUTE
    ../clib/microlib/init/entry.s            0x00000000   Number         0  entry7b.o ABSOLUTE
    ../clib/microlib/init/entry.s            0x00000000   Number         0  entry8a.o ABSOLUTE
    ../clib/microlib/init/entry.s            0x00000000   Number         0  entry8b.o ABSOLUTE
    ../clib/microlib/init/entry.s            0x00000000   Number         0  entry.o ABSOLUTE
    ../clib/microlib/init/entry.s            0x00000000   Number         0  entry9a.o ABSOLUTE
    ../clib/microlib/init/entry.s            0x00000000   Number         0  entry9b.o ABSOLUTE
    ../clib/microlib/string/strncmp.c        0x00000000   Number         0  strncmp.o ABSOLUTE
    ../clib/microlib/unhosted.c              0x00000000   Number         0  uread4.o ABSOLUTE
    Libraries\CMSIS\Device\ST\STM32F0xx\Source\Templates\arm\startup_stm32f051.s 0x00000000   Number         0  startup_stm32f051.o ABSOLUTE
    Libraries\STM32F0xx_StdPeriph_Driver\src\stm32f0xx_adc.c 0x00000000   Number         0  stm32f0xx_adc.o ABSOLUTE
    Libraries\STM32F0xx_StdPeriph_Driver\src\stm32f0xx_can.c 0x00000000   Number         0  stm32f0xx_can.o ABSOLUTE
    Libraries\STM32F0xx_StdPeriph_Driver\src\stm32f0xx_cec.c 0x00000000   Number         0  stm32f0xx_cec.o ABSOLUTE
    Libraries\STM32F0xx_StdPeriph_Driver\src\stm32f0xx_comp.c 0x00000000   Number         0  stm32f0xx_comp.o ABSOLUTE
    Libraries\STM32F0xx_StdPeriph_Driver\src\stm32f0xx_crc.c 0x00000000   Number         0  stm32f0xx_crc.o ABSOLUTE
    Libraries\STM32F0xx_StdPeriph_Driver\src\stm32f0xx_crs.c 0x00000000   Number         0  stm32f0xx_crs.o ABSOLUTE
    Libraries\STM32F0xx_StdPeriph_Driver\src\stm32f0xx_dac.c 0x00000000   Number         0  stm32f0xx_dac.o ABSOLUTE
    Libraries\STM32F0xx_StdPeriph_Driver\src\stm32f0xx_dbgmcu.c 0x00000000   Number         0  stm32f0xx_dbgmcu.o ABSOLUTE
    Libraries\STM32F0xx_StdPeriph_Driver\src\stm32f0xx_dma.c 0x00000000   Number         0  stm32f0xx_dma.o ABSOLUTE
    Libraries\STM32F0xx_StdPeriph_Driver\src\stm32f0xx_exti.c 0x00000000   Number         0  stm32f0xx_exti.o ABSOLUTE
    Libraries\STM32F0xx_StdPeriph_Driver\src\stm32f0xx_flash.c 0x00000000   Number         0  stm32f0xx_flash.o ABSOLUTE
    Libraries\STM32F0xx_StdPeriph_Driver\src\stm32f0xx_gpio.c 0x00000000   Number         0  stm32f0xx_gpio.o ABSOLUTE
    Libraries\STM32F0xx_StdPeriph_Driver\src\stm32f0xx_i2c.c 0x00000000   Number         0  stm32f0xx_i2c.o ABSOLUTE
    Libraries\STM32F0xx_StdPeriph_Driver\src\stm32f0xx_iwdg.c 0x00000000   Number         0  stm32f0xx_iwdg.o ABSOLUTE
    Libraries\STM32F0xx_StdPeriph_Driver\src\stm32f0xx_misc.c 0x00000000   Number         0  stm32f0xx_misc.o ABSOLUTE
    Libraries\STM32F0xx_StdPeriph_Driver\src\stm32f0xx_pwr.c 0x00000000   Number         0  stm32f0xx_pwr.o ABSOLUTE
    Libraries\STM32F0xx_StdPeriph_Driver\src\stm32f0xx_rcc.c 0x00000000   Number         0  stm32f0xx_rcc.o ABSOLUTE
    Libraries\STM32F0xx_StdPeriph_Driver\src\stm32f0xx_rtc.c 0x00000000   Number         0  stm32f0xx_rtc.o ABSOLUTE
    Libraries\STM32F0xx_StdPeriph_Driver\src\stm32f0xx_spi.c 0x00000000   Number         0  stm32f0xx_spi.o ABSOLUTE
    Libraries\STM32F0xx_StdPeriph_Driver\src\stm32f0xx_syscfg.c 0x00000000   Number         0  stm32f0xx_syscfg.o ABSOLUTE
    Libraries\STM32F0xx_StdPeriph_Driver\src\stm32f0xx_tim.c 0x00000000   Number         0  stm32f0xx_tim.o ABSOLUTE
    Libraries\STM32F0xx_StdPeriph_Driver\src\stm32f0xx_usart.c 0x00000000   Number         0  stm32f0xx_usart.o ABSOLUTE
    Libraries\STM32F0xx_StdPeriph_Driver\src\stm32f0xx_wwdg.c 0x00000000   Number         0  stm32f0xx_wwdg.o ABSOLUTE
    Libraries\\STM32F0xx_StdPeriph_Driver\\src\\stm32f0xx_adc.c 0x00000000   Number         0  stm32f0xx_adc.o ABSOLUTE
    Libraries\\STM32F0xx_StdPeriph_Driver\\src\\stm32f0xx_can.c 0x00000000   Number         0  stm32f0xx_can.o ABSOLUTE
    Libraries\\STM32F0xx_StdPeriph_Driver\\src\\stm32f0xx_cec.c 0x00000000   Number         0  stm32f0xx_cec.o ABSOLUTE
    Libraries\\STM32F0xx_StdPeriph_Driver\\src\\stm32f0xx_comp.c 0x00000000   Number         0  stm32f0xx_comp.o ABSOLUTE
    Libraries\\STM32F0xx_StdPeriph_Driver\\src\\stm32f0xx_crc.c 0x00000000   Number         0  stm32f0xx_crc.o ABSOLUTE
    Libraries\\STM32F0xx_StdPeriph_Driver\\src\\stm32f0xx_crs.c 0x00000000   Number         0  stm32f0xx_crs.o ABSOLUTE
    Libraries\\STM32F0xx_StdPeriph_Driver\\src\\stm32f0xx_dac.c 0x00000000   Number         0  stm32f0xx_dac.o ABSOLUTE
    Libraries\\STM32F0xx_StdPeriph_Driver\\src\\stm32f0xx_dbgmcu.c 0x00000000   Number         0  stm32f0xx_dbgmcu.o ABSOLUTE
    Libraries\\STM32F0xx_StdPeriph_Driver\\src\\stm32f0xx_dma.c 0x00000000   Number         0  stm32f0xx_dma.o ABSOLUTE
    Libraries\\STM32F0xx_StdPeriph_Driver\\src\\stm32f0xx_exti.c 0x00000000   Number         0  stm32f0xx_exti.o ABSOLUTE
    Libraries\\STM32F0xx_StdPeriph_Driver\\src\\stm32f0xx_flash.c 0x00000000   Number         0  stm32f0xx_flash.o ABSOLUTE
    Libraries\\STM32F0xx_StdPeriph_Driver\\src\\stm32f0xx_gpio.c 0x00000000   Number         0  stm32f0xx_gpio.o ABSOLUTE
    Libraries\\STM32F0xx_StdPeriph_Driver\\src\\stm32f0xx_i2c.c 0x00000000   Number         0  stm32f0xx_i2c.o ABSOLUTE
    Libraries\\STM32F0xx_StdPeriph_Driver\\src\\stm32f0xx_iwdg.c 0x00000000   Number         0  stm32f0xx_iwdg.o ABSOLUTE
    Libraries\\STM32F0xx_StdPeriph_Driver\\src\\stm32f0xx_misc.c 0x00000000   Number         0  stm32f0xx_misc.o ABSOLUTE
    Libraries\\STM32F0xx_StdPeriph_Driver\\src\\stm32f0xx_pwr.c 0x00000000   Number         0  stm32f0xx_pwr.o ABSOLUTE
    Libraries\\STM32F0xx_StdPeriph_Driver\\src\\stm32f0xx_rcc.c 0x00000000   Number         0  stm32f0xx_rcc.o ABSOLUTE
    Libraries\\STM32F0xx_StdPeriph_Driver\\src\\stm32f0xx_rtc.c 0x00000000   Number         0  stm32f0xx_rtc.o ABSOLUTE
    Libraries\\STM32F0xx_StdPeriph_Driver\\src\\stm32f0xx_spi.c 0x00000000   Number         0  stm32f0xx_spi.o ABSOLUTE
    Libraries\\STM32F0xx_StdPeriph_Driver\\src\\stm32f0xx_syscfg.c 0x00000000   Number         0  stm32f0xx_syscfg.o ABSOLUTE
    Libraries\\STM32F0xx_StdPeriph_Driver\\src\\stm32f0xx_tim.c 0x00000000   Number         0  stm32f0xx_tim.o ABSOLUTE
    Libraries\\STM32F0xx_StdPeriph_Driver\\src\\stm32f0xx_usart.c 0x00000000   Number         0  stm32f0xx_usart.o ABSOLUTE
    Libraries\\STM32F0xx_StdPeriph_Driver\\src\\stm32f0xx_wwdg.c 0x00000000   Number         0  stm32f0xx_wwdg.o ABSOLUTE
    dc.s                                     0x00000000   Number         0  dc.o ABSOLUTE
    handlers.s                               0x00000000   Number         0  handlers.o ABSOLUTE
    init.s                                   0x00000000   Number         0  init.o ABSOLUTE
    src\BluetoothDriver.c                    0x00000000   Number         0  bluetoothdriver.o ABSOLUTE
    src\LcdDriver.c                          0x00000000   Number         0  lcddriver.o ABSOLUTE
    src\SerialConsole.c                      0x00000000   Number         0  serialconsole.o ABSOLUTE
    src\\BluetoothDriver.c                   0x00000000   Number         0  bluetoothdriver.o ABSOLUTE
    src\\LcdDriver.c                         0x00000000   Number         0  lcddriver.o ABSOLUTE
    src\\SerialConsole.c                     0x00000000   Number         0  serialconsole.o ABSOLUTE
    src\\main.c                              0x00000000   Number         0  main.o ABSOLUTE
    src\\stm32f0xx_it.c                      0x00000000   Number         0  stm32f0xx_it.o ABSOLUTE
    src\\system_stm32f0xx.c                  0x00000000   Number         0  system_stm32f0xx.o ABSOLUTE
    src\main.c                               0x00000000   Number         0  main.o ABSOLUTE
    src\stm32f0xx_it.c                       0x00000000   Number         0  stm32f0xx_it.o ABSOLUTE
    src\system_stm32f0xx.c                   0x00000000   Number         0  system_stm32f0xx.o ABSOLUTE
    RESET                                    0x08000000   Section      192  startup_stm32f051.o(RESET)
    .ARM.Collect$$$$00000000                 0x080000c0   Section        0  entry.o(.ARM.Collect$$$$00000000)
    .ARM.Collect$$$$00000001                 0x080000c0   Section        4  entry2.o(.ARM.Collect$$$$00000001)
    .ARM.Collect$$$$00000004                 0x080000c4   Section        4  entry5.o(.ARM.Collect$$$$00000004)
    .ARM.Collect$$$$00000008                 0x080000c8   Section        0  entry7b.o(.ARM.Collect$$$$00000008)
    .ARM.Collect$$$$0000000A                 0x080000c8   Section        0  entry8b.o(.ARM.Collect$$$$0000000A)
    .ARM.Collect$$$$0000000B                 0x080000c8   Section        8  entry9a.o(.ARM.Collect$$$$0000000B)
    .ARM.Collect$$$$0000000D                 0x080000d0   Section        0  entry10a.o(.ARM.Collect$$$$0000000D)
    .ARM.Collect$$$$0000000F                 0x080000d0   Section        0  entry11a.o(.ARM.Collect$$$$0000000F)
    .ARM.Collect$$$$00002712                 0x080000d0   Section        4  entry2.o(.ARM.Collect$$$$00002712)
    __lit__00000000                          0x080000d0   Data           4  entry2.o(.ARM.Collect$$$$00002712)
    .text                                    0x080000d4   Section       88  startup_stm32f051.o(.text)
    .text                                    0x0800012c   Section        0  uidiv.o(.text)
    .text                                    0x08000158   Section        0  strncmp.o(.text)
    .text                                    0x08000178   Section       36  init.o(.text)
    .text                                    0x0800019c   Section        0  __dczerorl2.o(.text)
    i.BluetoothManager                       0x080001f4   Section        0  bluetoothdriver.o(i.BluetoothManager)
    i.CheckBusyFlag                          0x08000290   Section        0  lcddriver.o(i.CheckBusyFlag)
    CheckBusyFlag                            0x08000291   Thumb Code    60  lcddriver.o(i.CheckBusyFlag)
    i.ClearLCD                               0x080002d4   Section        0  lcddriver.o(i.ClearLCD)
    i.ConsoleManager                         0x080002f4   Section        0  serialconsole.o(i.ConsoleManager)
    i.EXTI4_15_IRQHandler                    0x0800073c   Section        0  stm32f0xx_it.o(i.EXTI4_15_IRQHandler)
    i.EXTI_ClearITPendingBit                 0x0800077c   Section        0  stm32f0xx_exti.o(i.EXTI_ClearITPendingBit)
    i.EXTI_GetITStatus                       0x08000788   Section        0  stm32f0xx_exti.o(i.EXTI_GetITStatus)
    i.GPIO_Init                              0x0800079c   Section        0  stm32f0xx_gpio.o(i.GPIO_Init)
    i.GPIO_PinAFConfig                       0x0800080c   Section        0  stm32f0xx_gpio.o(i.GPIO_PinAFConfig)
    i.GPIO_ReadInputDataBit                  0x0800082c   Section        0  stm32f0xx_gpio.o(i.GPIO_ReadInputDataBit)
    i.GPIO_ResetBits                         0x0800083a   Section        0  stm32f0xx_gpio.o(i.GPIO_ResetBits)
    i.GPIO_SetBits                           0x0800083e   Section        0  stm32f0xx_gpio.o(i.GPIO_SetBits)
    i.HardFault_Handler                      0x08000842   Section        0  stm32f0xx_it.o(i.HardFault_Handler)
    i.LcdConfig                              0x08000844   Section        0  lcddriver.o(i.LcdConfig)
    i.NMI_Handler                            0x08000878   Section        0  stm32f0xx_it.o(i.NMI_Handler)
    i.NVIC_Init                              0x0800087c   Section        0  stm32f0xx_misc.o(i.NVIC_Init)
    i.PWR_BackupAccessCmd                    0x080008cc   Section        0  stm32f0xx_pwr.o(i.PWR_BackupAccessCmd)
    i.PendSV_Handler                         0x080008e4   Section        0  stm32f0xx_it.o(i.PendSV_Handler)
    i.RCC_AHBPeriphClockCmd                  0x080008e8   Section        0  stm32f0xx_rcc.o(i.RCC_AHBPeriphClockCmd)
    i.RCC_APB1PeriphClockCmd                 0x08000900   Section        0  stm32f0xx_rcc.o(i.RCC_APB1PeriphClockCmd)
    i.RCC_APB2PeriphClockCmd                 0x08000918   Section        0  stm32f0xx_rcc.o(i.RCC_APB2PeriphClockCmd)
    i.RCC_GetClocksFreq                      0x08000930   Section        0  stm32f0xx_rcc.o(i.RCC_GetClocksFreq)
    i.RCC_GetFlagStatus                      0x08000aa8   Section        0  stm32f0xx_rcc.o(i.RCC_GetFlagStatus)
    i.RCC_LSEConfig                          0x08000adc   Section        0  stm32f0xx_rcc.o(i.RCC_LSEConfig)
    i.RCC_RTCCLKCmd                          0x08000afc   Section        0  stm32f0xx_rcc.o(i.RCC_RTCCLKCmd)
    i.RCC_RTCCLKConfig                       0x08000b18   Section        0  stm32f0xx_rcc.o(i.RCC_RTCCLKConfig)
    i.RTC_Bcd2ToByte                         0x08000b28   Section        0  stm32f0xx_rtc.o(i.RTC_Bcd2ToByte)
    RTC_Bcd2ToByte                           0x08000b29   Thumb Code    16  stm32f0xx_rtc.o(i.RTC_Bcd2ToByte)
    i.RTC_ByteToBcd2                         0x08000b38   Section        0  stm32f0xx_rtc.o(i.RTC_ByteToBcd2)
    RTC_ByteToBcd2                           0x08000b39   Thumb Code    24  stm32f0xx_rtc.o(i.RTC_ByteToBcd2)
    i.RTC_ClearFlag                          0x08000b50   Section        0  stm32f0xx_rtc.o(i.RTC_ClearFlag)
    i.RTC_Config                             0x08000b6c   Section        0  main.o(i.RTC_Config)
    RTC_Config                               0x08000b6d   Thumb Code   146  main.o(i.RTC_Config)
    i.RTC_EnterInitMode                      0x08000c08   Section        0  stm32f0xx_rtc.o(i.RTC_EnterInitMode)
    i.RTC_ExitInitMode                       0x08000c44   Section        0  stm32f0xx_rtc.o(i.RTC_ExitInitMode)
    i.RTC_GetDate                            0x08000c54   Section        0  stm32f0xx_rtc.o(i.RTC_GetDate)
    i.RTC_GetTime                            0x08000c9c   Section        0  stm32f0xx_rtc.o(i.RTC_GetTime)
    i.RTC_Init                               0x08000cec   Section        0  stm32f0xx_rtc.o(i.RTC_Init)
    i.RTC_ReadBackupRegister                 0x08000d34   Section        0  stm32f0xx_rtc.o(i.RTC_ReadBackupRegister)
    i.RTC_SetDate                            0x08000d48   Section        0  stm32f0xx_rtc.o(i.RTC_SetDate)
    i.RTC_SetTime                            0x08000ddc   Section        0  stm32f0xx_rtc.o(i.RTC_SetTime)
    i.RTC_WaitForSynchro                     0x08000e74   Section        0  stm32f0xx_rtc.o(i.RTC_WaitForSynchro)
    i.SVC_Handler                            0x08000ec4   Section        0  stm32f0xx_it.o(i.SVC_Handler)
    i.SYSCFG_EXTILineConfig                  0x08000ec8   Section        0  stm32f0xx_syscfg.o(i.SYSCFG_EXTILineConfig)
    i.SysOP                                  0x08000ef0   Section        0  main.o(i.SysOP)
    SysOP                                    0x08000ef1   Thumb Code  1864  main.o(i.SysOP)
    i.SysTick_Handler                        0x08001648   Section        0  stm32f0xx_it.o(i.SysTick_Handler)
    i.SystemInit                             0x0800164c   Section        0  system_stm32f0xx.o(i.SystemInit)
    i.TIM3_IRQHandler                        0x080016b8   Section        0  stm32f0xx_it.o(i.TIM3_IRQHandler)
    i.TIM_ClearITPendingBit                  0x080017c0   Section        0  stm32f0xx_tim.o(i.TIM_ClearITPendingBit)
    i.TIM_Cmd                                0x080017c6   Section        0  stm32f0xx_tim.o(i.TIM_Cmd)
    i.TIM_GetCapture1                        0x080017da   Section        0  stm32f0xx_tim.o(i.TIM_GetCapture1)
    i.TIM_GetCapture2                        0x080017de   Section        0  stm32f0xx_tim.o(i.TIM_GetCapture2)
    i.TIM_GetCapture3                        0x080017e2   Section        0  stm32f0xx_tim.o(i.TIM_GetCapture3)
    i.TIM_GetCapture4                        0x080017e6   Section        0  stm32f0xx_tim.o(i.TIM_GetCapture4)
    i.TIM_GetITStatus                        0x080017ea   Section        0  stm32f0xx_tim.o(i.TIM_GetITStatus)
    i.TIM_ITConfig                           0x08001802   Section        0  stm32f0xx_tim.o(i.TIM_ITConfig)
    i.TIM_OC1Init                            0x08001814   Section        0  stm32f0xx_tim.o(i.TIM_OC1Init)
    i.TIM_OC1PreloadConfig                   0x08001890   Section        0  stm32f0xx_tim.o(i.TIM_OC1PreloadConfig)
    i.TIM_OC2Init                            0x0800189c   Section        0  stm32f0xx_tim.o(i.TIM_OC2Init)
    i.TIM_OC2PreloadConfig                   0x0800192c   Section        0  stm32f0xx_tim.o(i.TIM_OC2PreloadConfig)
    i.TIM_OC3Init                            0x08001940   Section        0  stm32f0xx_tim.o(i.TIM_OC3Init)
    i.TIM_OC3PreloadConfig                   0x080019c8   Section        0  stm32f0xx_tim.o(i.TIM_OC3PreloadConfig)
    i.TIM_OC4Init                            0x080019d4   Section        0  stm32f0xx_tim.o(i.TIM_OC4Init)
    i.TIM_OC4PreloadConfig                   0x08001a38   Section        0  stm32f0xx_tim.o(i.TIM_OC4PreloadConfig)
    i.TIM_PrescalerConfig                    0x08001a4c   Section        0  stm32f0xx_tim.o(i.TIM_PrescalerConfig)
    i.TIM_SetCompare1                        0x08001a52   Section        0  stm32f0xx_tim.o(i.TIM_SetCompare1)
    i.TIM_SetCompare2                        0x08001a56   Section        0  stm32f0xx_tim.o(i.TIM_SetCompare2)
    i.TIM_SetCompare3                        0x08001a5a   Section        0  stm32f0xx_tim.o(i.TIM_SetCompare3)
    i.TIM_SetCompare4                        0x08001a5e   Section        0  stm32f0xx_tim.o(i.TIM_SetCompare4)
    i.TIM_TimeBaseInit                       0x08001a64   Section        0  stm32f0xx_tim.o(i.TIM_TimeBaseInit)
    i.USART1_Config                          0x08001ad8   Section        0  serialconsole.o(i.USART1_Config)
    i.USART1_IRQHandler                      0x08001b18   Section        0  stm32f0xx_it.o(i.USART1_IRQHandler)
    i.USART1_SendString                      0x08001be4   Section        0  serialconsole.o(i.USART1_SendString)
    i.USART2_Config                          0x08001c0c   Section        0  bluetoothdriver.o(i.USART2_Config)
    i.USART2_IRQHandler                      0x08001c58   Section        0  stm32f0xx_it.o(i.USART2_IRQHandler)
    i.USART2_SendString                      0x08001d80   Section        0  bluetoothdriver.o(i.USART2_SendString)
    i.USART_Cmd                              0x08001da8   Section        0  stm32f0xx_usart.o(i.USART_Cmd)
    i.USART_GetFlagStatus                    0x08001dbc   Section        0  stm32f0xx_usart.o(i.USART_GetFlagStatus)
    i.USART_GetITStatus                      0x08001dca   Section        0  stm32f0xx_usart.o(i.USART_GetITStatus)
    i.USART_ITConfig                         0x08001e02   Section        0  stm32f0xx_usart.o(i.USART_ITConfig)
    i.USART_Init                             0x08001e2c   Section        0  stm32f0xx_usart.o(i.USART_Init)
    i.USART_ReceiveData                      0x08001ed4   Section        0  stm32f0xx_usart.o(i.USART_ReceiveData)
    i.USART_SendData                         0x08001edc   Section        0  stm32f0xx_usart.o(i.USART_SendData)
    i.WriteLCDCommand                        0x08001ee4   Section        0  lcddriver.o(i.WriteLCDCommand)
    WriteLCDCommand                          0x08001ee5   Thumb Code    58  lcddriver.o(i.WriteLCDCommand)
    i.WriteLCDLineCenter                     0x08001f2c   Section        0  lcddriver.o(i.WriteLCDLineCenter)
    i.WriteLCDString                         0x08002034   Section        0  lcddriver.o(i.WriteLCDString)
    i.WriteLCDString2                        0x080020b0   Section        0  lcddriver.o(i.WriteLCDString2)
    i.WriteLCDStringTimed                    0x08002120   Section        0  lcddriver.o(i.WriteLCDStringTimed)
    i.__ARM_common_switch8                   0x08002132   Section        0  main.o(i.__ARM_common_switch8)
    i.__scatterload_copy                     0x0800214c   Section       14  handlers.o(i.__scatterload_copy)
    i.__scatterload_null                     0x0800215a   Section        2  handlers.o(i.__scatterload_null)
    i.__scatterload_zeroinit                 0x0800215c   Section       14  handlers.o(i.__scatterload_zeroinit)
    i.interruptsConfig                       0x0800216c   Section        0  main.o(i.interruptsConfig)
    interruptsConfig                         0x0800216d   Thumb Code   102  main.o(i.interruptsConfig)
    i.keyboardCheck                          0x080021d8   Section        0  main.o(i.keyboardCheck)
    keyboardCheck                            0x080021d9   Thumb Code   280  main.o(i.keyboardCheck)
    i.main                                   0x08002300   Section        0  main.o(i.main)
    i.portsConfig                            0x08002430   Section        0  main.o(i.portsConfig)
    portsConfig                              0x08002431   Thumb Code   344  main.o(i.portsConfig)
    i.show_clock                             0x080025a8   Section        0  main.o(i.show_clock)
    show_clock                               0x080025a9   Thumb Code   696  main.o(i.show_clock)
    i.startWindow                            0x08002868   Section        0  main.o(i.startWindow)
    i.timersConfig                           0x08002888   Section        0  main.o(i.timersConfig)
    timersConfig                             0x08002889   Thumb Code   178  main.o(i.timersConfig)
    .data                                    0x20000000   Section       20  system_stm32f0xx.o(.data)
    .data                                    0x20000014   Section      491  main.o(.data)
    .data                                    0x20000200   Section        4  stm32f0xx_it.o(.data)
    .data                                    0x20000204   Section        1  bluetoothdriver.o(.data)
    .data                                    0x20000208   Section       15  bluetoothdriver.o(.data)
    .data                                    0x20000217   Section        4  lcddriver.o(.data)
    .data                                    0x2000021b   Section        1  serialconsole.o(.data)
    .data                                    0x2000021c   Section      400  serialconsole.o(.data)
    .data                                    0x200003ac   Section       16  stm32f0xx_rcc.o(.data)
    APBAHBPrescTable                         0x200003ac   Data          16  stm32f0xx_rcc.o(.data)
    .bss                                     0x200003bc   Section       72  main.o(.bss)
    .bss                                     0x20000404   Section       64  bluetoothdriver.o(.bss)
    .bss                                     0x20000444   Section       64  serialconsole.o(.bss)
    STACK                                    0x20000488   Section     1024  startup_stm32f051.o(STACK)

    Global Symbols

    Symbol Name                              Value     Ov Type        Size  Object(Section)

    BuildAttributes$$THM_ISAv3M$S$PE$A:L22$X:L11$S22$IEEE1$IW$USESV6$~STKCKD$USESV7$~SHL$OSPACE$EBA8$MICROLIB$REQ8$PRES8$EABIv2 0x00000000   Number         0  anon$$obj.o ABSOLUTE
    __ARM_use_no_argv                        0x00000000   Number         0  main.o ABSOLUTE
    __cpp_initialize__aeabi_                  - Undefined Weak Reference
    __cxa_finalize                            - Undefined Weak Reference
    _clock_init                               - Undefined Weak Reference
    _microlib_exit                            - Undefined Weak Reference
    __Vectors_Size                           0x000000c0   Number         0  startup_stm32f051.o ABSOLUTE
    __Vectors                                0x08000000   Data           4  startup_stm32f051.o(RESET)
    __Vectors_End                            0x080000c0   Data           0  startup_stm32f051.o(RESET)
    __main                                   0x080000c1   Thumb Code     0  entry.o(.ARM.Collect$$$$00000000)
    _main_stk                                0x080000c1   Thumb Code     0  entry2.o(.ARM.Collect$$$$00000001)
    _main_scatterload                        0x080000c5   Thumb Code     0  entry5.o(.ARM.Collect$$$$00000004)
    __main_after_scatterload                 0x080000c9   Thumb Code     0  entry5.o(.ARM.Collect$$$$00000004)
    _main_clock                              0x080000c9   Thumb Code     0  entry7b.o(.ARM.Collect$$$$00000008)
    _main_cpp_init                           0x080000c9   Thumb Code     0  entry8b.o(.ARM.Collect$$$$0000000A)
    _main_init                               0x080000c9   Thumb Code     0  entry9a.o(.ARM.Collect$$$$0000000B)
    __rt_final_cpp                           0x080000d1   Thumb Code     0  entry10a.o(.ARM.Collect$$$$0000000D)
    __rt_final_exit                          0x080000d1   Thumb Code     0  entry11a.o(.ARM.Collect$$$$0000000F)
    Reset_Handler                            0x080000d5   Thumb Code    38  startup_stm32f051.o(.text)
    ADC1_COMP_IRQHandler                     0x08000105   Thumb Code     0  startup_stm32f051.o(.text)
    CEC_IRQHandler                           0x08000105   Thumb Code     0  startup_stm32f051.o(.text)
    DMA1_Channel1_IRQHandler                 0x08000105   Thumb Code     0  startup_stm32f051.o(.text)
    DMA1_Channel2_3_IRQHandler               0x08000105   Thumb Code     0  startup_stm32f051.o(.text)
    DMA1_Channel4_5_IRQHandler               0x08000105   Thumb Code     0  startup_stm32f051.o(.text)
    EXTI0_1_IRQHandler                       0x08000105   Thumb Code     0  startup_stm32f051.o(.text)
    EXTI2_3_IRQHandler                       0x08000105   Thumb Code     0  startup_stm32f051.o(.text)
    FLASH_IRQHandler                         0x08000105   Thumb Code     0  startup_stm32f051.o(.text)
    I2C1_IRQHandler                          0x08000105   Thumb Code     0  startup_stm32f051.o(.text)
    I2C2_IRQHandler                          0x08000105   Thumb Code     0  startup_stm32f051.o(.text)
    PVD_IRQHandler                           0x08000105   Thumb Code     0  startup_stm32f051.o(.text)
    RCC_IRQHandler                           0x08000105   Thumb Code     0  startup_stm32f051.o(.text)
    RTC_IRQHandler                           0x08000105   Thumb Code     0  startup_stm32f051.o(.text)
    SPI1_IRQHandler                          0x08000105   Thumb Code     0  startup_stm32f051.o(.text)
    SPI2_IRQHandler                          0x08000105   Thumb Code     0  startup_stm32f051.o(.text)
    TIM14_IRQHandler                         0x08000105   Thumb Code     0  startup_stm32f051.o(.text)
    TIM15_IRQHandler                         0x08000105   Thumb Code     0  startup_stm32f051.o(.text)
    TIM16_IRQHandler                         0x08000105   Thumb Code     0  startup_stm32f051.o(.text)
    TIM17_IRQHandler                         0x08000105   Thumb Code     0  startup_stm32f051.o(.text)
    TIM1_BRK_UP_TRG_COM_IRQHandler           0x08000105   Thumb Code     0  startup_stm32f051.o(.text)
    TIM1_CC_IRQHandler                       0x08000105   Thumb Code     0  startup_stm32f051.o(.text)
    TIM2_IRQHandler                          0x08000105   Thumb Code     0  startup_stm32f051.o(.text)
    TIM6_DAC_IRQHandler                      0x08000105   Thumb Code     0  startup_stm32f051.o(.text)
    TS_IRQHandler                            0x08000105   Thumb Code     0  startup_stm32f051.o(.text)
    WWDG_IRQHandler                          0x08000105   Thumb Code     0  startup_stm32f051.o(.text)
    __aeabi_uidiv                            0x0800012d   Thumb Code     0  uidiv.o(.text)
    __aeabi_uidivmod                         0x0800012d   Thumb Code    44  uidiv.o(.text)
    strncmp                                  0x08000159   Thumb Code    30  strncmp.o(.text)
    __scatterload                            0x08000179   Thumb Code    28  init.o(.text)
    __scatterload_rt2                        0x08000179   Thumb Code     0  init.o(.text)
    __decompress                             0x0800019d   Thumb Code     0  __dczerorl2.o(.text)
    __decompress1                            0x0800019d   Thumb Code    86  __dczerorl2.o(.text)
    BluetoothManager                         0x080001f5   Thumb Code   136  bluetoothdriver.o(i.BluetoothManager)
    ClearLCD                                 0x080002d5   Thumb Code    26  lcddriver.o(i.ClearLCD)
    ConsoleManager                           0x080002f5   Thumb Code  1090  serialconsole.o(i.ConsoleManager)
    EXTI4_15_IRQHandler                      0x0800073d   Thumb Code    64  stm32f0xx_it.o(i.EXTI4_15_IRQHandler)
    EXTI_ClearITPendingBit                   0x0800077d   Thumb Code     6  stm32f0xx_exti.o(i.EXTI_ClearITPendingBit)
    EXTI_GetITStatus                         0x08000789   Thumb Code    16  stm32f0xx_exti.o(i.EXTI_GetITStatus)
    GPIO_Init                                0x0800079d   Thumb Code   112  stm32f0xx_gpio.o(i.GPIO_Init)
    GPIO_PinAFConfig                         0x0800080d   Thumb Code    32  stm32f0xx_gpio.o(i.GPIO_PinAFConfig)
    GPIO_ReadInputDataBit                    0x0800082d   Thumb Code    14  stm32f0xx_gpio.o(i.GPIO_ReadInputDataBit)
    GPIO_ResetBits                           0x0800083b   Thumb Code     4  stm32f0xx_gpio.o(i.GPIO_ResetBits)
    GPIO_SetBits                             0x0800083f   Thumb Code     4  stm32f0xx_gpio.o(i.GPIO_SetBits)
    HardFault_Handler                        0x08000843   Thumb Code     2  stm32f0xx_it.o(i.HardFault_Handler)
    LcdConfig                                0x08000845   Thumb Code    48  lcddriver.o(i.LcdConfig)
    NMI_Handler                              0x08000879   Thumb Code     2  stm32f0xx_it.o(i.NMI_Handler)
    NVIC_Init                                0x0800087d   Thumb Code    70  stm32f0xx_misc.o(i.NVIC_Init)
    PWR_BackupAccessCmd                      0x080008cd   Thumb Code    20  stm32f0xx_pwr.o(i.PWR_BackupAccessCmd)
    PendSV_Handler                           0x080008e5   Thumb Code     2  stm32f0xx_it.o(i.PendSV_Handler)
    RCC_AHBPeriphClockCmd                    0x080008e9   Thumb Code    18  stm32f0xx_rcc.o(i.RCC_AHBPeriphClockCmd)
    RCC_APB1PeriphClockCmd                   0x08000901   Thumb Code    18  stm32f0xx_rcc.o(i.RCC_APB1PeriphClockCmd)
    RCC_APB2PeriphClockCmd                   0x08000919   Thumb Code    18  stm32f0xx_rcc.o(i.RCC_APB2PeriphClockCmd)
    RCC_GetClocksFreq                        0x08000931   Thumb Code   346  stm32f0xx_rcc.o(i.RCC_GetClocksFreq)
    RCC_GetFlagStatus                        0x08000aa9   Thumb Code    48  stm32f0xx_rcc.o(i.RCC_GetFlagStatus)
    RCC_LSEConfig                            0x08000add   Thumb Code    26  stm32f0xx_rcc.o(i.RCC_LSEConfig)
    RCC_RTCCLKCmd                            0x08000afd   Thumb Code    22  stm32f0xx_rcc.o(i.RCC_RTCCLKCmd)
    RCC_RTCCLKConfig                         0x08000b19   Thumb Code    10  stm32f0xx_rcc.o(i.RCC_RTCCLKConfig)
    RTC_ClearFlag                            0x08000b51   Thumb Code    22  stm32f0xx_rtc.o(i.RTC_ClearFlag)
    RTC_EnterInitMode                        0x08000c09   Thumb Code    56  stm32f0xx_rtc.o(i.RTC_EnterInitMode)
    RTC_ExitInitMode                         0x08000c45   Thumb Code    12  stm32f0xx_rtc.o(i.RTC_ExitInitMode)
    RTC_GetDate                              0x08000c55   Thumb Code    68  stm32f0xx_rtc.o(i.RTC_GetDate)
    RTC_GetTime                              0x08000c9d   Thumb Code    70  stm32f0xx_rtc.o(i.RTC_GetTime)
    RTC_Init                                 0x08000ced   Thumb Code    68  stm32f0xx_rtc.o(i.RTC_Init)
    RTC_ReadBackupRegister                   0x08000d35   Thumb Code    14  stm32f0xx_rtc.o(i.RTC_ReadBackupRegister)
    RTC_SetDate                              0x08000d49   Thumb Code   140  stm32f0xx_rtc.o(i.RTC_SetDate)
    RTC_SetTime                              0x08000ddd   Thumb Code   142  stm32f0xx_rtc.o(i.RTC_SetTime)
    RTC_WaitForSynchro                       0x08000e75   Thumb Code    74  stm32f0xx_rtc.o(i.RTC_WaitForSynchro)
    SVC_Handler                              0x08000ec5   Thumb Code     2  stm32f0xx_it.o(i.SVC_Handler)
    SYSCFG_EXTILineConfig                    0x08000ec9   Thumb Code    34  stm32f0xx_syscfg.o(i.SYSCFG_EXTILineConfig)
    SysTick_Handler                          0x08001649   Thumb Code     2  stm32f0xx_it.o(i.SysTick_Handler)
    SystemInit                               0x0800164d   Thumb Code    92  system_stm32f0xx.o(i.SystemInit)
    TIM3_IRQHandler                          0x080016b9   Thumb Code   234  stm32f0xx_it.o(i.TIM3_IRQHandler)
    TIM_ClearITPendingBit                    0x080017c1   Thumb Code     6  stm32f0xx_tim.o(i.TIM_ClearITPendingBit)
    TIM_Cmd                                  0x080017c7   Thumb Code    20  stm32f0xx_tim.o(i.TIM_Cmd)
    TIM_GetCapture1                          0x080017db   Thumb Code     4  stm32f0xx_tim.o(i.TIM_GetCapture1)
    TIM_GetCapture2                          0x080017df   Thumb Code     4  stm32f0xx_tim.o(i.TIM_GetCapture2)
    TIM_GetCapture3                          0x080017e3   Thumb Code     4  stm32f0xx_tim.o(i.TIM_GetCapture3)
    TIM_GetCapture4                          0x080017e7   Thumb Code     4  stm32f0xx_tim.o(i.TIM_GetCapture4)
    TIM_GetITStatus                          0x080017eb   Thumb Code    24  stm32f0xx_tim.o(i.TIM_GetITStatus)
    TIM_ITConfig                             0x08001803   Thumb Code    16  stm32f0xx_tim.o(i.TIM_ITConfig)
    TIM_OC1Init                              0x08001815   Thumb Code   104  stm32f0xx_tim.o(i.TIM_OC1Init)
    TIM_OC1PreloadConfig                     0x08001891   Thumb Code    12  stm32f0xx_tim.o(i.TIM_OC1PreloadConfig)
    TIM_OC2Init                              0x0800189d   Thumb Code   124  stm32f0xx_tim.o(i.TIM_OC2Init)
    TIM_OC2PreloadConfig                     0x0800192d   Thumb Code    14  stm32f0xx_tim.o(i.TIM_OC2PreloadConfig)
    TIM_OC3Init                              0x08001941   Thumb Code   110  stm32f0xx_tim.o(i.TIM_OC3Init)
    TIM_OC3PreloadConfig                     0x080019c9   Thumb Code    12  stm32f0xx_tim.o(i.TIM_OC3PreloadConfig)
    TIM_OC4Init                              0x080019d5   Thumb Code    78  stm32f0xx_tim.o(i.TIM_OC4Init)
    TIM_OC4PreloadConfig                     0x08001a39   Thumb Code    14  stm32f0xx_tim.o(i.TIM_OC4PreloadConfig)
    TIM_PrescalerConfig                      0x08001a4d   Thumb Code     6  stm32f0xx_tim.o(i.TIM_PrescalerConfig)
    TIM_SetCompare1                          0x08001a53   Thumb Code     4  stm32f0xx_tim.o(i.TIM_SetCompare1)
    TIM_SetCompare2                          0x08001a57   Thumb Code     4  stm32f0xx_tim.o(i.TIM_SetCompare2)
    TIM_SetCompare3                          0x08001a5b   Thumb Code     4  stm32f0xx_tim.o(i.TIM_SetCompare3)
    TIM_SetCompare4                          0x08001a5f   Thumb Code     4  stm32f0xx_tim.o(i.TIM_SetCompare4)
    TIM_TimeBaseInit                         0x08001a65   Thumb Code    88  stm32f0xx_tim.o(i.TIM_TimeBaseInit)
    USART1_Config                            0x08001ad9   Thumb Code    56  serialconsole.o(i.USART1_Config)
    USART1_IRQHandler                        0x08001b19   Thumb Code   164  stm32f0xx_it.o(i.USART1_IRQHandler)
    USART1_SendString                        0x08001be5   Thumb Code    26  serialconsole.o(i.USART1_SendString)
    USART2_Config                            0x08001c0d   Thumb Code    64  bluetoothdriver.o(i.USART2_Config)
    USART2_IRQHandler                        0x08001c59   Thumb Code   242  stm32f0xx_it.o(i.USART2_IRQHandler)
    USART2_SendString                        0x08001d81   Thumb Code    26  bluetoothdriver.o(i.USART2_SendString)
    USART_Cmd                                0x08001da9   Thumb Code    20  stm32f0xx_usart.o(i.USART_Cmd)
    USART_GetFlagStatus                      0x08001dbd   Thumb Code    14  stm32f0xx_usart.o(i.USART_GetFlagStatus)
    USART_GetITStatus                        0x08001dcb   Thumb Code    56  stm32f0xx_usart.o(i.USART_GetITStatus)
    USART_ITConfig                           0x08001e03   Thumb Code    42  stm32f0xx_usart.o(i.USART_ITConfig)
    USART_Init                               0x08001e2d   Thumb Code   148  stm32f0xx_usart.o(i.USART_Init)
    USART_ReceiveData                        0x08001ed5   Thumb Code     8  stm32f0xx_usart.o(i.USART_ReceiveData)
    USART_SendData                           0x08001edd   Thumb Code     8  stm32f0xx_usart.o(i.USART_SendData)
    WriteLCDLineCenter                       0x08001f2d   Thumb Code   248  lcddriver.o(i.WriteLCDLineCenter)
    WriteLCDString                           0x08002035   Thumb Code   106  lcddriver.o(i.WriteLCDString)
    WriteLCDString2                          0x080020b1   Thumb Code    96  lcddriver.o(i.WriteLCDString2)
    WriteLCDStringTimed                      0x08002121   Thumb Code    18  lcddriver.o(i.WriteLCDStringTimed)
    __ARM_common_switch8                     0x08002133   Thumb Code    26  main.o(i.__ARM_common_switch8)
    __scatterload_copy                       0x0800214d   Thumb Code    14  handlers.o(i.__scatterload_copy)
    __scatterload_null                       0x0800215b   Thumb Code     2  handlers.o(i.__scatterload_null)
    __scatterload_zeroinit                   0x0800215d   Thumb Code    14  handlers.o(i.__scatterload_zeroinit)
    main                                     0x08002301   Thumb Code   296  main.o(i.main)
    startWindow                              0x08002869   Thumb Code    28  main.o(i.startWindow)
    Region$$Table$$Base                      0x08002954   Number         0  anon$$obj.o(Region$$Table)
    Region$$Table$$Limit                     0x08002974   Number         0  anon$$obj.o(Region$$Table)
    SystemCoreClock                          0x20000000   Data           4  system_stm32f0xx.o(.data)
    AHBPrescTable                            0x20000004   Data          16  system_stm32f0xx.o(.data)
    size_date                                0x20000014   Data           1  main.o(.data)
    baseTimeFlags                            0x20000015   Data           1  main.o(.data)
    flags01                                  0x20000016   Data           1  main.o(.data)
    cntWindows                               0x20000017   Data           1  main.o(.data)
    sysop_status                             0x20000018   Data           1  main.o(.data)
    sysop_status_prev                        0x20000019   Data           1  main.o(.data)
    configmenu_status                        0x2000001a   Data           1  main.o(.data)
    configmenu_status_prev                   0x2000001b   Data           1  main.o(.data)
    configmenu_level                         0x2000001c   Data           1  main.o(.data)
    CCR1_Val                                 0x2000001e   Data           2  main.o(.data)
    CCR2_Val                                 0x20000020   Data           2  main.o(.data)
    CCR3_Val                                 0x20000022   Data           2  main.o(.data)
    CCR4_Val                                 0x20000024   Data           2  main.o(.data)
    PrescalerValue                           0x20000026   Data           2  main.o(.data)
    NVIC_InitStructure                       0x20000028   Data           3  main.o(.data)
    AsynchPrediv                             0x2000002c   Data           4  main.o(.data)
    SynchPrediv                              0x20000030   Data           4  main.o(.data)
    MONTHS_JAN                               0x20000034   Data           4  main.o(.data)
    MONTHS_FEB                               0x20000038   Data           4  main.o(.data)
    MONTHS_MAR                               0x2000003c   Data           4  main.o(.data)
    MONTHS_APR                               0x20000040   Data           4  main.o(.data)
    MONTHS_MAY                               0x20000044   Data           4  main.o(.data)
    MONTHS_AUG                               0x20000048   Data           4  main.o(.data)
    MONTHS_OCT                               0x2000004c   Data           4  main.o(.data)
    MONTHS_NOV                               0x20000050   Data           4  main.o(.data)
    MONTHS_DEC                               0x20000054   Data           4  main.o(.data)
    RTC_TimeStructure                        0x20000058   Data           4  main.o(.data)
    RTC_TimeStructure_prev                   0x2000005c   Data           4  main.o(.data)
    RTC_DateStructure                        0x20000060   Data           4  main.o(.data)
    RTC_DateStructure_prev                   0x20000064   Data           4  main.o(.data)
    addr_string                              0x20000068   Data           4  main.o(.data)
    MONTHS_JUNE                              0x2000006c   Data           5  main.o(.data)
    MONTHS_JULY                              0x20000071   Data           5  main.o(.data)
    MONTHS_SEPT                              0x20000076   Data           5  main.o(.data)
    Switch1                                  0x2000007b   Data           6  main.o(.data)
    Switch2                                  0x20000081   Data           6  main.o(.data)
    Switch3                                  0x20000087   Data           6  main.o(.data)
    Switch4                                  0x2000008d   Data           6  main.o(.data)
    DAYS_MON                                 0x20000093   Data           7  main.o(.data)
    DAYS_FRI                                 0x2000009a   Data           7  main.o(.data)
    DAYS_SUN                                 0x200000a1   Data           7  main.o(.data)
    DAYS_TUES                                0x200000a8   Data           8  main.o(.data)
    GPIO_InitStructure                       0x200000b0   Data           8  main.o(.data)
    EXTI_InitStructure                       0x200000b8   Data           8  main.o(.data)
    WELCOME_MSG                              0x200000c0   Data          41  main.o(.data)
    CONFIG_MSG                               0x200000e9   Data          20  main.o(.data)
    CONFIG_BLE_MSG                           0x200000fd   Data          21  main.o(.data)
    CONFIG_DISPLAY_MSG                       0x20000112   Data          21  main.o(.data)
    CONFIG_POWER_MSG                         0x20000127   Data          21  main.o(.data)
    CONFIG_CLOCK_MSG                         0x2000013c   Data          21  main.o(.data)
    POWER_OFF_MSG                            0x20000151   Data          21  main.o(.data)
    CONFIG_SET_CLOCK_MSG                     0x20000166   Data          22  main.o(.data)
    CONFIG_BLE_ADV_MSG                       0x2000017c   Data          21  main.o(.data)
    CONFIG_DISPLAY_SET_TIME_MSG              0x20000191   Data          21  main.o(.data)
    CONFIG_POWER_AUTO_OFF_MSG                0x200001a6   Data          21  main.o(.data)
    DAYS_WEDS                                0x200001bb   Data          10  main.o(.data)
    DAYS_THUR                                0x200001c5   Data           9  main.o(.data)
    DAYS_SAT                                 0x200001ce   Data           9  main.o(.data)
    time_line                                0x200001d7   Data          20  main.o(.data)
    date_line                                0x200001eb   Data          20  main.o(.data)
    cntUnSegundo                             0x20000200   Data           1  stm32f0xx_it.o(.data)
    capture                                  0x20000202   Data           2  stm32f0xx_it.o(.data)
    NbrOfDataToRead2                         0x20000204   Data           1  bluetoothdriver.o(.data)
    TxCount2                                 0x20000208   Data           1  bluetoothdriver.o(.data)
    RxCount2                                 0x20000209   Data           1  bluetoothdriver.o(.data)
    NbrOfDataToTransfer2                     0x2000020a   Data           1  bluetoothdriver.o(.data)
    TxAdress2                                0x2000020c   Data           4  bluetoothdriver.o(.data)
    bluetooth                                0x20000210   Data           7  bluetoothdriver.o(.data)
    lcd                                      0x20000217   Data           4  lcddriver.o(.data)
    NbrOfDataToRead                          0x2000021b   Data           1  serialconsole.o(.data)
    TxCount                                  0x2000021c   Data           1  serialconsole.o(.data)
    RxCount                                  0x2000021d   Data           1  serialconsole.o(.data)
    commandReceived                          0x2000021e   Data           1  serialconsole.o(.data)
    consoleStatus                            0x2000021f   Data           1  serialconsole.o(.data)
    consoleStatusPrevious                    0x20000220   Data           1  serialconsole.o(.data)
    NbrOfDataToTransfer                      0x20000221   Data           1  serialconsole.o(.data)
    promtMSG                                 0x20000222   Data           4  serialconsole.o(.data)
    promtBMSG                                0x20000226   Data           4  serialconsole.o(.data)
    TxAdress                                 0x2000022c   Data           4  serialconsole.o(.data)
    versionMSG                               0x20000230   Data           5  serialconsole.o(.data)
    sw1ONMSG                                 0x20000235   Data           7  serialconsole.o(.data)
    sw2ONMSG                                 0x2000023c   Data           7  serialconsole.o(.data)
    sw3ONMSG                                 0x20000243   Data           7  serialconsole.o(.data)
    sw4ONMSG                                 0x2000024a   Data           7  serialconsole.o(.data)
    sw1OFFMSG                                0x20000251   Data           8  serialconsole.o(.data)
    sw2OFFMSG                                0x20000259   Data           8  serialconsole.o(.data)
    sw3OFFMSG                                0x20000261   Data           8  serialconsole.o(.data)
    sw4OFFMSG                                0x20000269   Data           8  serialconsole.o(.data)
    welcomeMsg                               0x20000271   Data          69  serialconsole.o(.data)
    helpMSG                                  0x200002b6   Data         206  serialconsole.o(.data)
    systaxErrMSG                             0x20000384   Data          15  serialconsole.o(.data)
    rebootMSG                                0x20000393   Data          14  serialconsole.o(.data)
    HALTMSG                                  0x200003a1   Data          11  serialconsole.o(.data)
    TIM_TimeBaseStructure                    0x200003bc   Data          12  main.o(.bss)
    TIM_OCInitStructure                      0x200003c8   Data          20  main.o(.bss)
    timeWindow                               0x200003dc   Data          40  main.o(.bss)
    RxBuffer2                                0x20000404   Data          64  bluetoothdriver.o(.bss)
    RxBuffer                                 0x20000444   Data          64  serialconsole.o(.bss)
    __initial_sp                             0x20000888   Data           0  startup_stm32f051.o(STACK)



==============================================================================

Memory Map of the image

  Image Entry point : 0x080000c1

  Load Region LR_IROM1 (Base: 0x08000000, Size: 0x00002d30, Max: 0x00010000, ABSOLUTE, COMPRESSED[0x00002be8])

    Execution Region ER_IROM1 (Exec base: 0x08000000, Load base: 0x08000000, Size: 0x00002974, Max: 0x00010000, ABSOLUTE)

    Exec Addr    Load Addr    Size         Type   Attr      Idx    E Section Name        Object

    0x08000000   0x08000000   0x000000c0   Data   RO            3    RESET               startup_stm32f051.o
    0x080000c0   0x080000c0   0x00000000   Code   RO         4020  * .ARM.Collect$$$$00000000  mc_p.l(entry.o)
    0x080000c0   0x080000c0   0x00000004   Code   RO         4029    .ARM.Collect$$$$00000001  mc_p.l(entry2.o)
    0x080000c4   0x080000c4   0x00000004   Code   RO         4032    .ARM.Collect$$$$00000004  mc_p.l(entry5.o)
    0x080000c8   0x080000c8   0x00000000   Code   RO         4034    .ARM.Collect$$$$00000008  mc_p.l(entry7b.o)
    0x080000c8   0x080000c8   0x00000000   Code   RO         4036    .ARM.Collect$$$$0000000A  mc_p.l(entry8b.o)
    0x080000c8   0x080000c8   0x00000008   Code   RO         4037    .ARM.Collect$$$$0000000B  mc_p.l(entry9a.o)
    0x080000d0   0x080000d0   0x00000000   Code   RO         4039    .ARM.Collect$$$$0000000D  mc_p.l(entry10a.o)
    0x080000d0   0x080000d0   0x00000000   Code   RO         4041    .ARM.Collect$$$$0000000F  mc_p.l(entry11a.o)
    0x080000d0   0x080000d0   0x00000004   Code   RO         4030    .ARM.Collect$$$$00002712  mc_p.l(entry2.o)
    0x080000d4   0x080000d4   0x00000058   Code   RO            4    .text               startup_stm32f051.o
    0x0800012c   0x0800012c   0x0000002c   Code   RO         4023    .text               mc_p.l(uidiv.o)
    0x08000158   0x08000158   0x0000001e   Code   RO         4025    .text               mc_p.l(strncmp.o)
    0x08000176   0x08000176   0x00000002   PAD
    0x08000178   0x08000178   0x00000024   Code   RO         4043    .text               mc_p.l(init.o)
    0x0800019c   0x0800019c   0x00000056   Code   RO         4053    .text               mc_p.l(__dczerorl2.o)
    0x080001f2   0x080001f2   0x00000002   PAD
    0x080001f4   0x080001f4   0x0000009c   Code   RO          296    i.BluetoothManager  bluetoothdriver.o
    0x08000290   0x08000290   0x00000044   Code   RO          338    i.CheckBusyFlag     lcddriver.o
    0x080002d4   0x080002d4   0x00000020   Code   RO          339    i.ClearLCD          lcddriver.o
    0x080002f4   0x080002f4   0x00000448   Code   RO          408    i.ConsoleManager    serialconsole.o
    0x0800073c   0x0800073c   0x00000040   Code   RO          217    i.EXTI4_15_IRQHandler  stm32f0xx_it.o
    0x0800077c   0x0800077c   0x0000000c   Code   RO         1453    i.EXTI_ClearITPendingBit  stm32f0xx_exti.o
    0x08000788   0x08000788   0x00000014   Code   RO         1457    i.EXTI_GetITStatus  stm32f0xx_exti.o
    0x0800079c   0x0800079c   0x00000070   Code   RO         1714    i.GPIO_Init         stm32f0xx_gpio.o
    0x0800080c   0x0800080c   0x00000020   Code   RO         1715    i.GPIO_PinAFConfig  stm32f0xx_gpio.o
    0x0800082c   0x0800082c   0x0000000e   Code   RO         1718    i.GPIO_ReadInputDataBit  stm32f0xx_gpio.o
    0x0800083a   0x0800083a   0x00000004   Code   RO         1721    i.GPIO_ResetBits    stm32f0xx_gpio.o
    0x0800083e   0x0800083e   0x00000004   Code   RO         1722    i.GPIO_SetBits      stm32f0xx_gpio.o
    0x08000842   0x08000842   0x00000002   Code   RO          218    i.HardFault_Handler  stm32f0xx_it.o
    0x08000844   0x08000844   0x00000034   Code   RO          340    i.LcdConfig         lcddriver.o
    0x08000878   0x08000878   0x00000002   Code   RO          219    i.NMI_Handler       stm32f0xx_it.o
    0x0800087a   0x0800087a   0x00000002   PAD
    0x0800087c   0x0800087c   0x00000050   Code   RO         2127    i.NVIC_Init         stm32f0xx_misc.o
    0x080008cc   0x080008cc   0x00000018   Code   RO         2159    i.PWR_BackupAccessCmd  stm32f0xx_pwr.o
    0x080008e4   0x080008e4   0x00000002   Code   RO          220    i.PendSV_Handler    stm32f0xx_it.o
    0x080008e6   0x080008e6   0x00000002   PAD
    0x080008e8   0x080008e8   0x00000018   Code   RO         2234    i.RCC_AHBPeriphClockCmd  stm32f0xx_rcc.o
    0x08000900   0x08000900   0x00000018   Code   RO         2236    i.RCC_APB1PeriphClockCmd  stm32f0xx_rcc.o
    0x08000918   0x08000918   0x00000018   Code   RO         2238    i.RCC_APB2PeriphClockCmd  stm32f0xx_rcc.o
    0x08000930   0x08000930   0x00000178   Code   RO         2248    i.RCC_GetClocksFreq  stm32f0xx_rcc.o
    0x08000aa8   0x08000aa8   0x00000034   Code   RO         2249    i.RCC_GetFlagStatus  stm32f0xx_rcc.o
    0x08000adc   0x08000adc   0x00000020   Code   RO         2260    i.RCC_LSEConfig     stm32f0xx_rcc.o
    0x08000afc   0x08000afc   0x0000001c   Code   RO         2268    i.RCC_RTCCLKCmd     stm32f0xx_rcc.o
    0x08000b18   0x08000b18   0x00000010   Code   RO         2269    i.RCC_RTCCLKConfig  stm32f0xx_rcc.o
    0x08000b28   0x08000b28   0x00000010   Code   RO         2498    i.RTC_Bcd2ToByte    stm32f0xx_rtc.o
    0x08000b38   0x08000b38   0x00000018   Code   RO         2500    i.RTC_ByteToBcd2    stm32f0xx_rtc.o
    0x08000b50   0x08000b50   0x0000001c   Code   RO         2503    i.RTC_ClearFlag     stm32f0xx_rtc.o
    0x08000b6c   0x08000b6c   0x0000009c   Code   RO          129    i.RTC_Config        main.o
    0x08000c08   0x08000c08   0x0000003c   Code   RO         2508    i.RTC_EnterInitMode  stm32f0xx_rtc.o
    0x08000c44   0x08000c44   0x00000010   Code   RO         2509    i.RTC_ExitInitMode  stm32f0xx_rtc.o
    0x08000c54   0x08000c54   0x00000048   Code   RO         2512    i.RTC_GetDate       stm32f0xx_rtc.o
    0x08000c9c   0x08000c9c   0x00000050   Code   RO         2517    i.RTC_GetTime       stm32f0xx_rtc.o
    0x08000cec   0x08000cec   0x00000048   Code   RO         2522    i.RTC_Init          stm32f0xx_rtc.o
    0x08000d34   0x08000d34   0x00000014   Code   RO         2525    i.RTC_ReadBackupRegister  stm32f0xx_rtc.o
    0x08000d48   0x08000d48   0x00000094   Code   RO         2528    i.RTC_SetDate       stm32f0xx_rtc.o
    0x08000ddc   0x08000ddc   0x00000098   Code   RO         2529    i.RTC_SetTime       stm32f0xx_rtc.o
    0x08000e74   0x08000e74   0x00000050   Code   RO         2543    i.RTC_WaitForSynchro  stm32f0xx_rtc.o
    0x08000ec4   0x08000ec4   0x00000002   Code   RO          221    i.SVC_Handler       stm32f0xx_it.o
    0x08000ec6   0x08000ec6   0x00000002   PAD
    0x08000ec8   0x08000ec8   0x00000028   Code   RO         3029    i.SYSCFG_EXTILineConfig  stm32f0xx_syscfg.o
    0x08000ef0   0x08000ef0   0x00000758   Code   RO          130    i.SysOP             main.o
    0x08001648   0x08001648   0x00000002   Code   RO          222    i.SysTick_Handler   stm32f0xx_it.o
    0x0800164a   0x0800164a   0x00000002   PAD
    0x0800164c   0x0800164c   0x0000006c   Code   RO           13    i.SystemInit        system_stm32f0xx.o
    0x080016b8   0x080016b8   0x00000108   Code   RO          223    i.TIM3_IRQHandler   stm32f0xx_it.o
    0x080017c0   0x080017c0   0x00000006   Code   RO         3108    i.TIM_ClearITPendingBit  stm32f0xx_tim.o
    0x080017c6   0x080017c6   0x00000014   Code   RO         3113    i.TIM_Cmd           stm32f0xx_tim.o
    0x080017da   0x080017da   0x00000004   Code   RO         3128    i.TIM_GetCapture1   stm32f0xx_tim.o
    0x080017de   0x080017de   0x00000004   Code   RO         3129    i.TIM_GetCapture2   stm32f0xx_tim.o
    0x080017e2   0x080017e2   0x00000004   Code   RO         3130    i.TIM_GetCapture3   stm32f0xx_tim.o
    0x080017e6   0x080017e6   0x00000004   Code   RO         3131    i.TIM_GetCapture4   stm32f0xx_tim.o
    0x080017ea   0x080017ea   0x00000018   Code   RO         3134    i.TIM_GetITStatus   stm32f0xx_tim.o
    0x08001802   0x08001802   0x00000010   Code   RO         3138    i.TIM_ITConfig      stm32f0xx_tim.o
    0x08001812   0x08001812   0x00000002   PAD
    0x08001814   0x08001814   0x0000007c   Code   RO         3142    i.TIM_OC1Init       stm32f0xx_tim.o
    0x08001890   0x08001890   0x0000000c   Code   RO         3145    i.TIM_OC1PreloadConfig  stm32f0xx_tim.o
    0x0800189c   0x0800189c   0x00000090   Code   RO         3147    i.TIM_OC2Init       stm32f0xx_tim.o
    0x0800192c   0x0800192c   0x00000014   Code   RO         3150    i.TIM_OC2PreloadConfig  stm32f0xx_tim.o
    0x08001940   0x08001940   0x00000088   Code   RO         3152    i.TIM_OC3Init       stm32f0xx_tim.o
    0x080019c8   0x080019c8   0x0000000c   Code   RO         3155    i.TIM_OC3PreloadConfig  stm32f0xx_tim.o
    0x080019d4   0x080019d4   0x00000064   Code   RO         3157    i.TIM_OC4Init       stm32f0xx_tim.o
    0x08001a38   0x08001a38   0x00000014   Code   RO         3159    i.TIM_OC4PreloadConfig  stm32f0xx_tim.o
    0x08001a4c   0x08001a4c   0x00000006   Code   RO         3162    i.TIM_PrescalerConfig  stm32f0xx_tim.o
    0x08001a52   0x08001a52   0x00000004   Code   RO         3176    i.TIM_SetCompare1   stm32f0xx_tim.o
    0x08001a56   0x08001a56   0x00000004   Code   RO         3177    i.TIM_SetCompare2   stm32f0xx_tim.o
    0x08001a5a   0x08001a5a   0x00000004   Code   RO         3178    i.TIM_SetCompare3   stm32f0xx_tim.o
    0x08001a5e   0x08001a5e   0x00000004   Code   RO         3179    i.TIM_SetCompare4   stm32f0xx_tim.o
    0x08001a62   0x08001a62   0x00000002   PAD
    0x08001a64   0x08001a64   0x00000074   Code   RO         3186    i.TIM_TimeBaseInit  stm32f0xx_tim.o
    0x08001ad8   0x08001ad8   0x00000040   Code   RO          409    i.USART1_Config     serialconsole.o
    0x08001b18   0x08001b18   0x000000cc   Code   RO          224    i.USART1_IRQHandler  stm32f0xx_it.o
    0x08001be4   0x08001be4   0x00000028   Code   RO          410    i.USART1_SendString  serialconsole.o
    0x08001c0c   0x08001c0c   0x0000004c   Code   RO          297    i.USART2_Config     bluetoothdriver.o
    0x08001c58   0x08001c58   0x00000128   Code   RO          225    i.USART2_IRQHandler  stm32f0xx_it.o
    0x08001d80   0x08001d80   0x00000028   Code   RO          298    i.USART2_SendString  bluetoothdriver.o
    0x08001da8   0x08001da8   0x00000014   Code   RO         3659    i.USART_Cmd         stm32f0xx_usart.o
    0x08001dbc   0x08001dbc   0x0000000e   Code   RO         3667    i.USART_GetFlagStatus  stm32f0xx_usart.o
    0x08001dca   0x08001dca   0x00000038   Code   RO         3668    i.USART_GetITStatus  stm32f0xx_usart.o
    0x08001e02   0x08001e02   0x0000002a   Code   RO         3670    i.USART_ITConfig    stm32f0xx_usart.o
    0x08001e2c   0x08001e2c   0x000000a8   Code   RO         3671    i.USART_Init        stm32f0xx_usart.o
    0x08001ed4   0x08001ed4   0x00000008   Code   RO         3683    i.USART_ReceiveData  stm32f0xx_usart.o
    0x08001edc   0x08001edc   0x00000008   Code   RO         3688    i.USART_SendData    stm32f0xx_usart.o
    0x08001ee4   0x08001ee4   0x00000048   Code   RO          341    i.WriteLCDCommand   lcddriver.o
    0x08001f2c   0x08001f2c   0x00000108   Code   RO          342    i.WriteLCDLineCenter  lcddriver.o
    0x08002034   0x08002034   0x0000007c   Code   RO          344    i.WriteLCDString    lcddriver.o
    0x080020b0   0x080020b0   0x00000070   Code   RO          345    i.WriteLCDString2   lcddriver.o
    0x08002120   0x08002120   0x00000012   Code   RO          346    i.WriteLCDStringTimed  lcddriver.o
    0x08002132   0x08002132   0x0000001a   Code   RO          190    i.__ARM_common_switch8  main.o
    0x0800214c   0x0800214c   0x0000000e   Code   RO         4047    i.__scatterload_copy  mc_p.l(handlers.o)
    0x0800215a   0x0800215a   0x00000002   Code   RO         4048    i.__scatterload_null  mc_p.l(handlers.o)
    0x0800215c   0x0800215c   0x0000000e   Code   RO         4049    i.__scatterload_zeroinit  mc_p.l(handlers.o)
    0x0800216a   0x0800216a   0x00000002   PAD
    0x0800216c   0x0800216c   0x0000006c   Code   RO          131    i.interruptsConfig  main.o
    0x080021d8   0x080021d8   0x00000128   Code   RO          132    i.keyboardCheck     main.o
    0x08002300   0x08002300   0x00000130   Code   RO          133    i.main              main.o
    0x08002430   0x08002430   0x00000178   Code   RO          134    i.portsConfig       main.o
    0x080025a8   0x080025a8   0x000002c0   Code   RO          135    i.show_clock        main.o
    0x08002868   0x08002868   0x00000020   Code   RO          136    i.startWindow       main.o
    0x08002888   0x08002888   0x000000cc   Code   RO          137    i.timersConfig      main.o
    0x08002954   0x08002954   0x00000020   Data   RO         4045    Region$$Table       anon$$obj.o


    Execution Region RW_IRAM1 (Exec base: 0x20000000, Load base: 0x08002974, Size: 0x00000888, Max: 0x00002000, ABSOLUTE, COMPRESSED[0x00000274])

    Exec Addr    Load Addr    Size         Type   Attr      Idx    E Section Name        Object

    0x20000000   COMPRESSED   0x00000014   Data   RW           14    .data               system_stm32f0xx.o
    0x20000014   COMPRESSED   0x000001eb   Data   RW          139    .data               main.o
    0x200001ff   COMPRESSED   0x00000001   PAD
    0x20000200   COMPRESSED   0x00000004   Data   RW          226    .data               stm32f0xx_it.o
    0x20000204   COMPRESSED   0x00000001   Data   RW          300    .data               bluetoothdriver.o
    0x20000205   COMPRESSED   0x00000003   PAD
    0x20000208   COMPRESSED   0x0000000f   Data   RW          301    .data               bluetoothdriver.o
    0x20000217   COMPRESSED   0x00000004   Data   RW          347    .data               lcddriver.o
    0x2000021b   COMPRESSED   0x00000001   Data   RW          412    .data               serialconsole.o
    0x2000021c   COMPRESSED   0x00000190   Data   RW          413    .data               serialconsole.o
    0x200003ac   COMPRESSED   0x00000010   Data   RW         2274    .data               stm32f0xx_rcc.o
    0x200003bc        -       0x00000048   Zero   RW          138    .bss                main.o
    0x20000404        -       0x00000040   Zero   RW          299    .bss                bluetoothdriver.o
    0x20000444        -       0x00000040   Zero   RW          411    .bss                serialconsole.o
    0x20000484   COMPRESSED   0x00000004   PAD
    0x20000488        -       0x00000400   Zero   RW            1    STACK               startup_stm32f051.o


==============================================================================

Image component sizes


      Code (inc. data)   RO Data    RW Data    ZI Data      Debug   Object Name

       272         46          0         16         64       3234   bluetoothdriver.o
       742         82          0          4          0       5167   lcddriver.o
      4086        200          0        491         72      15229   main.o
      1200        132          0        401         64      10417   serialconsole.o
        88         38        192          0       1024        796   startup_stm32f051.o
        32         10          0          0          0       1264   stm32f0xx_exti.o
       166          0          0          0          0       3887   stm32f0xx_gpio.o
       838        124          0          4          0       5021   stm32f0xx_it.o
        80         10          0          0          0       1088   stm32f0xx_misc.o
        24          4          0          0          0        598   stm32f0xx_pwr.o
       576         70          0         16          0       6581   stm32f0xx_rcc.o
       768         62          0          0          0       9476   stm32f0xx_rtc.o
        40          6          0          0          0        720   stm32f0xx_syscfg.o
       788        128          0          0          0      15847   stm32f0xx_tim.o
       316         20          0          0          0       5977   stm32f0xx_usart.o
       108         16          0         20          0     232253   system_stm32f0xx.o

    ----------------------------------------------------------------------
     10136        948        224        956       1228     317555   Object Totals
         0          0         32          0          0          0   (incl. Generated)
        12          0          0          4          4          0   (incl. Padding)

    ----------------------------------------------------------------------

      Code (inc. data)   RO Data    RW Data    ZI Data      Debug   Library Member Name

        86          0          0          0          0          0   __dczerorl2.o
         0          0          0          0          0          0   entry.o
         0          0          0          0          0          0   entry10a.o
         0          0          0          0          0          0   entry11a.o
         8          4          0          0          0          0   entry2.o
         4          0          0          0          0          0   entry5.o
         0          0          0          0          0          0   entry7b.o
         0          0          0          0          0          0   entry8b.o
         8          4          0          0          0          0   entry9a.o
        30          0          0          0          0          0   handlers.o
        36          8          0          0          0         68   init.o
        30          0          0          0          0         72   strncmp.o
        44          0          0          0          0         72   uidiv.o

    ----------------------------------------------------------------------
       252         16          0          0          0        212   Library Totals
         6          0          0          0          0          0   (incl. Padding)

    ----------------------------------------------------------------------

      Code (inc. data)   RO Data    RW Data    ZI Data      Debug   Library Name

       246         16          0          0          0        212   mc_p.l

    ----------------------------------------------------------------------
       252         16          0          0          0        212   Library Totals

    ----------------------------------------------------------------------

==============================================================================


      Code (inc. data)   RO Data    RW Data    ZI Data      Debug   

     10388        964        224        956       1228     314119   Grand Totals
     10388        964        224        628       1228     314119   ELF Image Totals (compressed)
     10388        964        224        628          0          0   ROM Totals

==============================================================================

    Total RO  Size (Code + RO Data)                10612 (  10.36kB)
    Total RW  Size (RW Data + ZI Data)              2184 (   2.13kB)
    Total ROM Size (Code + RO Data + RW Data)      11240 (  10.98kB)

==============================================================================

